<?xml version="1.0" encoding="ISO-8859-1" ?>
<link_info>
   <banner>TMS320C2000 Linker PC v22.6.1.LTS</banner>
   <copyright>Copyright (c) 1996-2018 Texas Instruments Incorporated</copyright>
   <link_time>0x66758bd0</link_time>
   <link_errors>0x0</link_errors>
   <output_file>universal_motorcontrol_lab_f28002x.out</output_file>
   <entry_point>
      <name>code_start</name>
      <address>0x80000</address>
   </entry_point>
   <input_file_list>
      <input_file id="fl-2">
         <path>.\</path>
         <kind>object</kind>
         <file>sys_main.obj</file>
         <name>sys_main.obj</name>
      </input_file>
      <input_file id="fl-3">
         <path>.\libraries\control\dclink_ss\</path>
         <kind>object</kind>
         <file>dclink_ss.obj</file>
         <name>dclink_ss.obj</name>
      </input_file>
      <input_file id="fl-4">
         <path>.\libraries\control\fwc\</path>
         <kind>object</kind>
         <file>fwc.obj</file>
         <name>fwc.obj</name>
      </input_file>
      <input_file id="fl-5">
         <path>.\libraries\control\mtpa\</path>
         <kind>object</kind>
         <file>mtpa.obj</file>
         <name>mtpa.obj</name>
      </input_file>
      <input_file id="fl-6">
         <path>.\libraries\control\pi\</path>
         <kind>object</kind>
         <file>pi.obj</file>
         <name>pi.obj</name>
      </input_file>
      <input_file id="fl-7">
         <path>.\libraries\control\vs_freq\</path>
         <kind>object</kind>
         <file>vs_freq.obj</file>
         <name>vs_freq.obj</name>
      </input_file>
      <input_file id="fl-8">
         <path>.\libraries\dacs\dac128s085\</path>
         <kind>object</kind>
         <file>dac128s085.obj</file>
         <name>dac128s085.obj</name>
      </input_file>
      <input_file id="fl-9">
         <path>.\libraries\filter\filter_fo\</path>
         <kind>object</kind>
         <file>filter_fo.obj</file>
         <name>filter_fo.obj</name>
      </input_file>
      <input_file id="fl-a">
         <path>.\libraries\observers\encoder\</path>
         <kind>object</kind>
         <file>encoder.obj</file>
         <name>encoder.obj</name>
      </input_file>
      <input_file id="fl-b">
         <path>.\libraries\observers\esmo\</path>
         <kind>object</kind>
         <file>esmo.obj</file>
         <name>esmo.obj</name>
      </input_file>
      <input_file id="fl-c">
         <path>.\libraries\observers\hall\</path>
         <kind>object</kind>
         <file>hall.obj</file>
         <name>hall.obj</name>
      </input_file>
      <input_file id="fl-d">
         <path>.\libraries\observers\isbldc\</path>
         <kind>object</kind>
         <file>isbldc.obj</file>
         <name>isbldc.obj</name>
      </input_file>
      <input_file id="fl-e">
         <path>.\libraries\observers\speedcalc\</path>
         <kind>object</kind>
         <file>speedcalc.obj</file>
         <name>speedcalc.obj</name>
      </input_file>
      <input_file id="fl-f">
         <path>.\libraries\observers\speedfr\</path>
         <kind>object</kind>
         <file>speedfr.obj</file>
         <name>speedfr.obj</name>
      </input_file>
      <input_file id="fl-10">
         <path>.\libraries\observers\ssipd\</path>
         <kind>object</kind>
         <file>ssipd.obj</file>
         <name>ssipd.obj</name>
      </input_file>
      <input_file id="fl-11">
         <path>.\libraries\sfra\</path>
         <kind>object</kind>
         <file>sfra_gui.obj</file>
         <name>sfra_gui.obj</name>
      </input_file>
      <input_file id="fl-12">
         <path>.\libraries\sfra\</path>
         <kind>object</kind>
         <file>sfra_gui_scicomms_driverlib.obj</file>
         <name>sfra_gui_scicomms_driverlib.obj</name>
      </input_file>
      <input_file id="fl-13">
         <path>.\libraries\transforms\clarke\</path>
         <kind>object</kind>
         <file>clarke.obj</file>
         <name>clarke.obj</name>
      </input_file>
      <input_file id="fl-14">
         <path>.\libraries\transforms\ipark\</path>
         <kind>object</kind>
         <file>ipark.obj</file>
         <name>ipark.obj</name>
      </input_file>
      <input_file id="fl-15">
         <path>.\libraries\transforms\park\</path>
         <kind>object</kind>
         <file>park.obj</file>
         <name>park.obj</name>
      </input_file>
      <input_file id="fl-16">
         <path>.\libraries\transforms\svgen\</path>
         <kind>object</kind>
         <file>svgen.obj</file>
         <name>svgen.obj</name>
      </input_file>
      <input_file id="fl-17">
         <path>.\libraries\transforms\svgen\</path>
         <kind>object</kind>
         <file>svgen_current.obj</file>
         <name>svgen_current.obj</name>
      </input_file>
      <input_file id="fl-18">
         <path>.\libraries\transforms\volts\</path>
         <kind>object</kind>
         <file>volt_recons.obj</file>
         <name>volt_recons.obj</name>
      </input_file>
      <input_file id="fl-19">
         <path>.\libraries\utilities\angle_gen\</path>
         <kind>object</kind>
         <file>angle_gen.obj</file>
         <name>angle_gen.obj</name>
      </input_file>
      <input_file id="fl-1a">
         <path>.\libraries\utilities\cpu_time\</path>
         <kind>object</kind>
         <file>cpu_time.obj</file>
         <name>cpu_time.obj</name>
      </input_file>
      <input_file id="fl-1b">
         <path>.\libraries\utilities\datalog\</path>
         <kind>object</kind>
         <file>datalogIF.obj</file>
         <name>datalogIF.obj</name>
      </input_file>
      <input_file id="fl-1c">
         <path>.\libraries\utilities\mod6cnt\</path>
         <kind>object</kind>
         <file>mod6cnt.obj</file>
         <name>mod6cnt.obj</name>
      </input_file>
      <input_file id="fl-1d">
         <path>.\libraries\utilities\rimpulse\</path>
         <kind>object</kind>
         <file>rimpulse.obj</file>
         <name>rimpulse.obj</name>
      </input_file>
      <input_file id="fl-1e">
         <path>.\libraries\utilities\step_response\</path>
         <kind>object</kind>
         <file>step_response.obj</file>
         <name>step_response.obj</name>
      </input_file>
      <input_file id="fl-1f">
         <path>.\libraries\utilities\traj\</path>
         <kind>object</kind>
         <file>traj.obj</file>
         <name>traj.obj</name>
      </input_file>
      <input_file id="fl-20">
         <path>.\src_board\</path>
         <kind>object</kind>
         <file>hal.obj</file>
         <name>hal.obj</name>
      </input_file>
      <input_file id="fl-21">
         <path>.\src_board\</path>
         <kind>object</kind>
         <file>user_mtr1.obj</file>
         <name>user_mtr1.obj</name>
      </input_file>
      <input_file id="fl-22">
         <path>.\src_control\</path>
         <kind>object</kind>
         <file>communication.obj</file>
         <name>communication.obj</name>
      </input_file>
      <input_file id="fl-23">
         <path>.\src_control\</path>
         <kind>object</kind>
         <file>motor1_drive.obj</file>
         <name>motor1_drive.obj</name>
      </input_file>
      <input_file id="fl-24">
         <path>.\src_control\</path>
         <kind>object</kind>
         <file>motor_common.obj</file>
         <name>motor_common.obj</name>
      </input_file>
      <input_file id="fl-25">
         <path>.\src_device\</path>
         <kind>object</kind>
         <file>device.obj</file>
         <name>device.obj</name>
      </input_file>
      <input_file id="fl-26">
         <path>.\src_device\</path>
         <kind>object</kind>
         <file>f28002x_codestartbranch.obj</file>
         <name>f28002x_codestartbranch.obj</name>
      </input_file>
      <input_file id="fl-27">
         <path>.\src_device\</path>
         <kind>object</kind>
         <file>f28002x_globalvariabledefs.obj</file>
         <name>f28002x_globalvariabledefs.obj</name>
      </input_file>
      <input_file id="fl-28">
         <path>.\src_device\driverlib\</path>
         <kind>object</kind>
         <file>adc.obj</file>
         <name>adc.obj</name>
      </input_file>
      <input_file id="fl-29">
         <path>.\src_device\driverlib\</path>
         <kind>object</kind>
         <file>asysctl.obj</file>
         <name>asysctl.obj</name>
      </input_file>
      <input_file id="fl-2a">
         <path>.\src_device\driverlib\</path>
         <kind>object</kind>
         <file>bgcrc.obj</file>
         <name>bgcrc.obj</name>
      </input_file>
      <input_file id="fl-2b">
         <path>.\src_device\driverlib\</path>
         <kind>object</kind>
         <file>can.obj</file>
         <name>can.obj</name>
      </input_file>
      <input_file id="fl-2c">
         <path>.\src_device\driverlib\</path>
         <kind>object</kind>
         <file>clb.obj</file>
         <name>clb.obj</name>
      </input_file>
      <input_file id="fl-2d">
         <path>.\src_device\driverlib\</path>
         <kind>object</kind>
         <file>cmpss.obj</file>
         <name>cmpss.obj</name>
      </input_file>
      <input_file id="fl-2e">
         <path>.\src_device\driverlib\</path>
         <kind>object</kind>
         <file>cputimer.obj</file>
         <name>cputimer.obj</name>
      </input_file>
      <input_file id="fl-2f">
         <path>.\src_device\driverlib\</path>
         <kind>object</kind>
         <file>dcc.obj</file>
         <name>dcc.obj</name>
      </input_file>
      <input_file id="fl-30">
         <path>.\src_device\driverlib\</path>
         <kind>object</kind>
         <file>dcsm.obj</file>
         <name>dcsm.obj</name>
      </input_file>
      <input_file id="fl-31">
         <path>.\src_device\driverlib\</path>
         <kind>object</kind>
         <file>dma.obj</file>
         <name>dma.obj</name>
      </input_file>
      <input_file id="fl-32">
         <path>.\src_device\driverlib\</path>
         <kind>object</kind>
         <file>ecap.obj</file>
         <name>ecap.obj</name>
      </input_file>
      <input_file id="fl-33">
         <path>.\src_device\driverlib\</path>
         <kind>object</kind>
         <file>epwm.obj</file>
         <name>epwm.obj</name>
      </input_file>
      <input_file id="fl-34">
         <path>.\src_device\driverlib\</path>
         <kind>object</kind>
         <file>eqep.obj</file>
         <name>eqep.obj</name>
      </input_file>
      <input_file id="fl-35">
         <path>.\src_device\driverlib\</path>
         <kind>object</kind>
         <file>erad.obj</file>
         <name>erad.obj</name>
      </input_file>
      <input_file id="fl-36">
         <path>.\src_device\driverlib\</path>
         <kind>object</kind>
         <file>flash.obj</file>
         <name>flash.obj</name>
      </input_file>
      <input_file id="fl-37">
         <path>.\src_device\driverlib\</path>
         <kind>object</kind>
         <file>fsi.obj</file>
         <name>fsi.obj</name>
      </input_file>
      <input_file id="fl-38">
         <path>.\src_device\driverlib\</path>
         <kind>object</kind>
         <file>gpio.obj</file>
         <name>gpio.obj</name>
      </input_file>
      <input_file id="fl-39">
         <path>.\src_device\driverlib\</path>
         <kind>object</kind>
         <file>hic.obj</file>
         <name>hic.obj</name>
      </input_file>
      <input_file id="fl-3a">
         <path>.\src_device\driverlib\</path>
         <kind>object</kind>
         <file>hrcap.obj</file>
         <name>hrcap.obj</name>
      </input_file>
      <input_file id="fl-3b">
         <path>.\src_device\driverlib\</path>
         <kind>object</kind>
         <file>hrpwm.obj</file>
         <name>hrpwm.obj</name>
      </input_file>
      <input_file id="fl-3c">
         <path>.\src_device\driverlib\</path>
         <kind>object</kind>
         <file>i2c.obj</file>
         <name>i2c.obj</name>
      </input_file>
      <input_file id="fl-3d">
         <path>.\src_device\driverlib\</path>
         <kind>object</kind>
         <file>interrupt.obj</file>
         <name>interrupt.obj</name>
      </input_file>
      <input_file id="fl-3e">
         <path>.\src_device\driverlib\</path>
         <kind>object</kind>
         <file>lin.obj</file>
         <name>lin.obj</name>
      </input_file>
      <input_file id="fl-3f">
         <path>.\src_device\driverlib\</path>
         <kind>object</kind>
         <file>memcfg.obj</file>
         <name>memcfg.obj</name>
      </input_file>
      <input_file id="fl-40">
         <path>.\src_device\driverlib\</path>
         <kind>object</kind>
         <file>pmbus.obj</file>
         <name>pmbus.obj</name>
      </input_file>
      <input_file id="fl-41">
         <path>.\src_device\driverlib\</path>
         <kind>object</kind>
         <file>sci.obj</file>
         <name>sci.obj</name>
      </input_file>
      <input_file id="fl-42">
         <path>.\src_device\driverlib\</path>
         <kind>object</kind>
         <file>spi.obj</file>
         <name>spi.obj</name>
      </input_file>
      <input_file id="fl-43">
         <path>.\src_device\driverlib\</path>
         <kind>object</kind>
         <file>sysctl.obj</file>
         <name>sysctl.obj</name>
      </input_file>
      <input_file id="fl-44">
         <path>.\src_device\driverlib\</path>
         <kind>object</kind>
         <file>version.obj</file>
         <name>version.obj</name>
      </input_file>
      <input_file id="fl-45">
         <path>.\src_device\driverlib\</path>
         <kind>object</kind>
         <file>xbar.obj</file>
         <name>xbar.obj</name>
      </input_file>
      <input_file id="fl-50">
         <kind>object</kind>
         <file>&lt;internal&gt;</file>
         <name>&lt;internal&gt;</name>
      </input_file>
      <input_file id="fl-54">
         <path>..\libraries\observers\est_lib\</path>
         <kind>archive</kind>
         <file>fast_full_lib_eabi.lib</file>
         <name>est_all_identify_flib_priv.obj</name>
      </input_file>
      <input_file id="fl-55">
         <path>..\libraries\observers\est_lib\</path>
         <kind>archive</kind>
         <file>fast_full_lib_eabi.lib</file>
         <name>est_all_run_flib_priv.obj</name>
      </input_file>
      <input_file id="fl-56">
         <path>..\libraries\observers\est_lib\</path>
         <kind>archive</kind>
         <file>fast_full_lib_eabi.lib</file>
         <name>est_all_setup_flib_priv.obj</name>
      </input_file>
      <input_file id="fl-57">
         <path>..\libraries\observers\est_lib\</path>
         <kind>archive</kind>
         <file>fast_full_lib_eabi.lib</file>
         <name>est_flib_priv.obj</name>
      </input_file>
      <input_file id="fl-58">
         <path>..\libraries\observers\est_lib\</path>
         <kind>archive</kind>
         <file>fast_full_lib_eabi.lib</file>
         <name>user_flib_priv.obj</name>
      </input_file>
      <input_file id="fl-59">
         <path>..\libraries\observers\est_lib\</path>
         <kind>archive</kind>
         <file>fast_full_lib_eabi.lib</file>
         <name>est_Angle_flib_priv.obj</name>
      </input_file>
      <input_file id="fl-5a">
         <path>..\libraries\observers\est_lib\</path>
         <kind>archive</kind>
         <file>fast_full_lib_eabi.lib</file>
         <name>est_Dir_flib_priv.obj</name>
      </input_file>
      <input_file id="fl-5b">
         <path>..\libraries\observers\est_lib\</path>
         <kind>archive</kind>
         <file>fast_full_lib_eabi.lib</file>
         <name>est_Eab_flib_priv.obj</name>
      </input_file>
      <input_file id="fl-5c">
         <path>..\libraries\observers\est_lib\</path>
         <kind>archive</kind>
         <file>fast_full_lib_eabi.lib</file>
         <name>est_Edq_flib_priv.obj</name>
      </input_file>
      <input_file id="fl-5d">
         <path>..\libraries\observers\est_lib\</path>
         <kind>archive</kind>
         <file>fast_full_lib_eabi.lib</file>
         <name>est_Flux_ab_flib_priv.obj</name>
      </input_file>
      <input_file id="fl-5e">
         <path>..\libraries\observers\est_lib\</path>
         <kind>archive</kind>
         <file>fast_full_lib_eabi.lib</file>
         <name>est_Flux_dq_flib_priv.obj</name>
      </input_file>
      <input_file id="fl-5f">
         <path>..\libraries\observers\est_lib\</path>
         <kind>archive</kind>
         <file>fast_full_lib_eabi.lib</file>
         <name>est_Flux_flib_priv.obj</name>
      </input_file>
      <input_file id="fl-60">
         <path>..\libraries\observers\est_lib\</path>
         <kind>archive</kind>
         <file>fast_full_lib_eabi.lib</file>
         <name>est_Freq_flib_priv.obj</name>
      </input_file>
      <input_file id="fl-61">
         <path>..\libraries\observers\est_lib\</path>
         <kind>archive</kind>
         <file>fast_full_lib_eabi.lib</file>
         <name>est_Iab_flib_priv.obj</name>
      </input_file>
      <input_file id="fl-62">
         <path>..\libraries\observers\est_lib\</path>
         <kind>archive</kind>
         <file>fast_full_lib_eabi.lib</file>
         <name>est_Idq_flib_priv.obj</name>
      </input_file>
      <input_file id="fl-63">
         <path>..\libraries\observers\est_lib\</path>
         <kind>archive</kind>
         <file>fast_full_lib_eabi.lib</file>
         <name>est_Ls_flib_priv.obj</name>
      </input_file>
      <input_file id="fl-64">
         <path>..\libraries\observers\est_lib\</path>
         <kind>archive</kind>
         <file>fast_full_lib_eabi.lib</file>
         <name>est_OneOverDcBus_flib_priv.obj</name>
      </input_file>
      <input_file id="fl-65">
         <path>..\libraries\observers\est_lib\</path>
         <kind>archive</kind>
         <file>fast_full_lib_eabi.lib</file>
         <name>est_Rr_flib_priv.obj</name>
      </input_file>
      <input_file id="fl-66">
         <path>..\libraries\observers\est_lib\</path>
         <kind>archive</kind>
         <file>fast_full_lib_eabi.lib</file>
         <name>est_RsOnLine_flib_priv.obj</name>
      </input_file>
      <input_file id="fl-67">
         <path>..\libraries\observers\est_lib\</path>
         <kind>archive</kind>
         <file>fast_full_lib_eabi.lib</file>
         <name>est_Rs_flib_priv.obj</name>
      </input_file>
      <input_file id="fl-68">
         <path>..\libraries\observers\est_lib\</path>
         <kind>archive</kind>
         <file>fast_full_lib_eabi.lib</file>
         <name>est_Traj_flib_priv.obj</name>
      </input_file>
      <input_file id="fl-69">
         <path>..\libraries\observers\est_lib\</path>
         <kind>archive</kind>
         <file>fast_full_lib_eabi.lib</file>
         <name>est_Vab_flib_priv.obj</name>
      </input_file>
      <input_file id="fl-6a">
         <path>..\libraries\observers\est_lib\</path>
         <kind>archive</kind>
         <file>fast_full_lib_eabi.lib</file>
         <name>est_Vdq_flib_priv.obj</name>
      </input_file>
      <input_file id="fl-6b">
         <path>..\libraries\observers\est_lib\</path>
         <kind>archive</kind>
         <file>fast_full_lib_eabi.lib</file>
         <name>inverse_flib_priv.obj</name>
      </input_file>
      <input_file id="fl-6c">
         <path>..\libraries\sfra\</path>
         <kind>archive</kind>
         <file>sfra_f32_tmu_eabi.lib</file>
         <name>sfra_f32_tmu_config_reset.obj</name>
      </input_file>
      <input_file id="fl-78">
         <path>D:\ti\ccs1100\ccs\tools\compiler\ti-cgt-c2000_22.6.1.LTS\lib\</path>
         <kind>archive</kind>
         <file>rts2800_fpu32_eabi.lib</file>
         <name>boot28.asm.obj</name>
      </input_file>
      <input_file id="fl-79">
         <path>D:\ti\ccs1100\ccs\tools\compiler\ti-cgt-c2000_22.6.1.LTS\lib\</path>
         <kind>archive</kind>
         <file>rts2800_fpu32_eabi.lib</file>
         <name>ll_cmp28.asm.obj</name>
      </input_file>
      <input_file id="fl-7a">
         <path>D:\ti\ccs1100\ccs\tools\compiler\ti-cgt-c2000_22.6.1.LTS\lib\</path>
         <kind>archive</kind>
         <file>rts2800_fpu32_eabi.lib</file>
         <name>memcpy.c.obj</name>
      </input_file>
      <input_file id="fl-7b">
         <path>D:\ti\ccs1100\ccs\tools\compiler\ti-cgt-c2000_22.6.1.LTS\lib\</path>
         <kind>archive</kind>
         <file>rts2800_fpu32_eabi.lib</file>
         <name>pre_init.c.obj</name>
      </input_file>
      <input_file id="fl-7c">
         <path>D:\ti\ccs1100\ccs\tools\compiler\ti-cgt-c2000_22.6.1.LTS\lib\</path>
         <kind>archive</kind>
         <file>rts2800_fpu32_eabi.lib</file>
         <name>autoinit.c.obj</name>
      </input_file>
      <input_file id="fl-7d">
         <path>D:\ti\ccs1100\ccs\tools\compiler\ti-cgt-c2000_22.6.1.LTS\lib\</path>
         <kind>archive</kind>
         <file>rts2800_fpu32_eabi.lib</file>
         <name>copy_zero_init.c.obj</name>
      </input_file>
      <input_file id="fl-7e">
         <path>D:\ti\ccs1100\ccs\tools\compiler\ti-cgt-c2000_22.6.1.LTS\lib\</path>
         <kind>archive</kind>
         <file>rts2800_fpu32_eabi.lib</file>
         <name>copy_decompress_none.c.obj</name>
      </input_file>
      <input_file id="fl-7f">
         <path>D:\ti\ccs1100\ccs\tools\compiler\ti-cgt-c2000_22.6.1.LTS\lib\</path>
         <kind>archive</kind>
         <file>rts2800_fpu32_eabi.lib</file>
         <name>copy_decompress_lzss.c.obj</name>
      </input_file>
      <input_file id="fl-80">
         <path>D:\ti\ccs1100\ccs\tools\compiler\ti-cgt-c2000_22.6.1.LTS\lib\</path>
         <kind>archive</kind>
         <file>rts2800_fpu32_eabi.lib</file>
         <name>exit.c.obj</name>
      </input_file>
      <input_file id="fl-81">
         <path>D:\ti\ccs1100\ccs\tools\compiler\ti-cgt-c2000_22.6.1.LTS\lib\</path>
         <kind>archive</kind>
         <file>rts2800_fpu32_eabi.lib</file>
         <name>_lock.c.obj</name>
      </input_file>
      <input_file id="fl-82">
         <path>D:\ti\ccs1100\ccs\tools\compiler\ti-cgt-c2000_22.6.1.LTS\lib\</path>
         <kind>archive</kind>
         <file>rts2800_fpu32_eabi.lib</file>
         <name>args_main.c.obj</name>
      </input_file>
      <input_file id="fl-83">
         <path>D:\ti\ccs1100\ccs\tools\compiler\ti-cgt-c2000_22.6.1.LTS\lib\</path>
         <kind>archive</kind>
         <file>rts2800_fpu32_eabi.lib</file>
         <name>memset.c.obj</name>
      </input_file>
      <input_file id="fl-84">
         <path>D:\ti\ccs1100\ccs\tools\compiler\ti-cgt-c2000_22.6.1.LTS\lib\</path>
         <kind>archive</kind>
         <file>rts2800_fpu32_eabi.lib</file>
         <name>cpy_tbl.c.obj</name>
      </input_file>
      <input_file id="fl-85">
         <path>D:\ti\ccs1100\ccs\tools\compiler\ti-cgt-c2000_22.6.1.LTS\lib\</path>
         <kind>archive</kind>
         <file>rts2800_fpu32_eabi.lib</file>
         <name>startup.c.obj</name>
      </input_file>
   </input_file_list>
   <object_component_list>
      <object_component id="oc-95">
         <name>codestart</name>
         <load_address>0x80000</load_address>
         <run_address>0x80000</run_address>
         <size>0x2</size>
         <input_file_ref idref="fl-26"/>
      </object_component>
      <object_component id="oc-28a">
         <name>.text:EST_setParams</name>
         <load_address>0x820e8</load_address>
         <run_address>0x820e8</run_address>
         <size>0x408</size>
         <input_file_ref idref="fl-57"/>
      </object_component>
      <object_component id="oc-186">
         <name>.text:runMotor1OffsetsCalculation</name>
         <load_address>0x824f0</load_address>
         <run_address>0x824f0</run_address>
         <size>0x347</size>
         <input_file_ref idref="fl-23"/>
      </object_component>
      <object_component id="oc-162">
         <name>.text:initMotor1CtrlParameters</name>
         <load_address>0x82837</load_address>
         <run_address>0x82837</run_address>
         <size>0x2f6</size>
         <input_file_ref idref="fl-23"/>
      </object_component>
      <object_component id="oc-168">
         <name>.text:HAL_setupGPIOs</name>
         <load_address>0x82b2d</load_address>
         <run_address>0x82b2d</run_address>
         <size>0x2ba</size>
         <input_file_ref idref="fl-20"/>
      </object_component>
      <object_component id="oc-1aa">
         <name>.text:runMotor1Control</name>
         <load_address>0x82de7</load_address>
         <run_address>0x82de7</run_address>
         <size>0x2b2</size>
         <input_file_ref idref="fl-23"/>
      </object_component>
      <object_component id="oc-2ed">
         <name>.text:EST_updateState</name>
         <load_address>0x83099</load_address>
         <run_address>0x83099</run_address>
         <size>0x284</size>
         <input_file_ref idref="fl-57"/>
      </object_component>
      <object_component id="oc-22f">
         <name>.text:USER_setMotor1Params</name>
         <load_address>0x8331d</load_address>
         <run_address>0x8331d</run_address>
         <size>0x25b</size>
         <input_file_ref idref="fl-21"/>
      </object_component>
      <object_component id="oc-1a4">
         <name>.text:runMotorMonitor</name>
         <load_address>0x83578</load_address>
         <run_address>0x83578</run_address>
         <size>0x1e3</size>
         <input_file_ref idref="fl-24"/>
      </object_component>
      <object_component id="oc-c8">
         <name>.text:main</name>
         <load_address>0x8375b</load_address>
         <run_address>0x8375b</run_address>
         <size>0x1c5</size>
         <input_file_ref idref="fl-2"/>
      </object_component>
      <object_component id="oc-3de">
         <name>.text:EST_reset</name>
         <load_address>0x83920</load_address>
         <run_address>0x83920</run_address>
         <size>0x1be</size>
         <input_file_ref idref="fl-57"/>
      </object_component>
      <object_component id="oc-37b">
         <name>.text:HAL_setupPWMs</name>
         <load_address>0x83ade</load_address>
         <run_address>0x83ade</run_address>
         <size>0x15f</size>
         <input_file_ref idref="fl-20"/>
      </object_component>
      <object_component id="oc-1f0">
         <name>.text:SysCtl_setClock</name>
         <load_address>0x83c3d</load_address>
         <run_address>0x83c3d</run_address>
         <size>0x12e</size>
         <input_file_ref idref="fl-43"/>
      </object_component>
      <object_component id="oc-3ea">
         <name>.text:EST_Traj_configure</name>
         <load_address>0x83d6b</load_address>
         <run_address>0x83d6b</run_address>
         <size>0x10f</size>
         <input_file_ref idref="fl-68"/>
      </object_component>
      <object_component id="oc-292">
         <name>.text:setupControllers</name>
         <load_address>0x83e7a</load_address>
         <run_address>0x83e7a</run_address>
         <size>0x10d</size>
         <input_file_ref idref="fl-24"/>
      </object_component>
      <object_component id="oc-4cf">
         <name>.text</name>
         <load_address>0x83f87</load_address>
         <run_address>0x83f87</run_address>
         <size>0x1</size>
         <input_file_ref idref="fl-85"/>
      </object_component>
      <object_component id="oc-387">
         <name>.text:HAL_setupMtrFaults</name>
         <load_address>0x83f88</load_address>
         <run_address>0x83f88</run_address>
         <size>0xfa</size>
         <input_file_ref idref="fl-20"/>
      </object_component>
      <object_component id="oc-33d">
         <name>.text:SysCtl_isPLLValid</name>
         <load_address>0x84082</load_address>
         <run_address>0x84082</run_address>
         <size>0xda</size>
         <input_file_ref idref="fl-43"/>
      </object_component>
      <object_component id="oc-2fa">
         <name>.text:updateGlobalVariables</name>
         <load_address>0x8415c</load_address>
         <run_address>0x8415c</run_address>
         <size>0xd6</size>
         <input_file_ref idref="fl-24"/>
      </object_component>
      <object_component id="oc-201">
         <name>.text:HAL_setupADCs</name>
         <load_address>0x84232</load_address>
         <run_address>0x84232</run_address>
         <size>0xc6</size>
         <input_file_ref idref="fl-20"/>
      </object_component>
      <object_component id="oc-3a4">
         <name>.text:EST_init</name>
         <load_address>0x842f8</load_address>
         <run_address>0x842f8</run_address>
         <size>0xc4</size>
         <input_file_ref idref="fl-57"/>
      </object_component>
      <object_component id="oc-3c3">
         <name>.text:EST_Traj_setParams</name>
         <load_address>0x843bc</load_address>
         <run_address>0x843bc</run_address>
         <size>0xab</size>
         <input_file_ref idref="fl-68"/>
      </object_component>
      <object_component id="oc-1f6">
         <name>.text:Device_enableAllPeripherals</name>
         <load_address>0x84467</load_address>
         <run_address>0x84467</run_address>
         <size>0xa0</size>
         <input_file_ref idref="fl-25"/>
      </object_component>
      <object_component id="oc-3a8">
         <name>.text:EST_Dir_setLpFilterParams</name>
         <load_address>0x84507</load_address>
         <run_address>0x84507</run_address>
         <size>0x86</size>
         <input_file_ref idref="fl-5a"/>
      </object_component>
      <object_component id="oc-19e">
         <name>.text:calculateRMSData</name>
         <load_address>0x8458d</load_address>
         <run_address>0x8458d</run_address>
         <size>0x86</size>
         <input_file_ref idref="fl-24"/>
      </object_component>
      <object_component id="oc-2e4">
         <name>.text:resetMotorControl</name>
         <load_address>0x84613</load_address>
         <run_address>0x84613</run_address>
         <size>0x86</size>
         <input_file_ref idref="fl-24"/>
      </object_component>
      <object_component id="oc-381">
         <name>.text:HAL_setupCMPSSs</name>
         <load_address>0x84699</load_address>
         <run_address>0x84699</run_address>
         <size>0x7c</size>
         <input_file_ref idref="fl-20"/>
      </object_component>
      <object_component id="oc-22e">
         <name>.text:USER_setParams_priv</name>
         <load_address>0x84715</load_address>
         <run_address>0x84715</run_address>
         <size>0x77</size>
         <input_file_ref idref="fl-58"/>
      </object_component>
      <object_component id="oc-219">
         <name>.text:HAL_setupI2CA</name>
         <load_address>0x8478c</load_address>
         <run_address>0x8478c</run_address>
         <size>0x71</size>
         <input_file_ref idref="fl-20"/>
      </object_component>
      <object_component id="oc-4f5">
         <name>.text:SysCtl_pollX1Counter</name>
         <load_address>0x847fd</load_address>
         <run_address>0x847fd</run_address>
         <size>0x62</size>
         <input_file_ref idref="fl-43"/>
      </object_component>
      <object_component id="oc-2f4">
         <name>.text:runRsOnLine</name>
         <load_address>0x8485f</load_address>
         <run_address>0x8485f</run_address>
         <size>0x61</size>
         <input_file_ref idref="fl-24"/>
      </object_component>
      <object_component id="oc-3ad">
         <name>.text:EST_Flux_setParams</name>
         <load_address>0x848c0</load_address>
         <run_address>0x848c0</run_address>
         <size>0x5c</size>
         <input_file_ref idref="fl-5f"/>
      </object_component>
      <object_component id="oc-3dc">
         <name>.text:EST_Traj_updateState</name>
         <load_address>0x8491c</load_address>
         <run_address>0x8491c</run_address>
         <size>0x59</size>
         <input_file_ref idref="fl-68"/>
      </object_component>
      <object_component id="oc-365">
         <name>.text:I2C_initController</name>
         <load_address>0x84975</load_address>
         <run_address>0x84975</run_address>
         <size>0x58</size>
         <input_file_ref idref="fl-3c"/>
      </object_component>
      <object_component id="oc-125">
         <name>.text:DAC128S_writeData</name>
         <load_address>0x849cd</load_address>
         <run_address>0x849cd</run_address>
         <size>0x56</size>
         <input_file_ref idref="fl-8"/>
      </object_component>
      <object_component id="oc-11f">
         <name>.text:collectRMSData</name>
         <load_address>0x84a23</load_address>
         <run_address>0x84a23</run_address>
         <size>0x53</size>
         <input_file_ref idref="fl-24"/>
      </object_component>
      <object_component id="oc-213">
         <name>.text:HAL_setupSCIA</name>
         <load_address>0x84a76</load_address>
         <run_address>0x84a76</run_address>
         <size>0x52</size>
         <input_file_ref idref="fl-20"/>
      </object_component>
      <object_component id="oc-17a">
         <name>.text:DAC128S_setupSPI</name>
         <load_address>0x84ac8</load_address>
         <run_address>0x84ac8</run_address>
         <size>0x4f</size>
         <input_file_ref idref="fl-8"/>
      </object_component>
      <object_component id="oc-2dc">
         <name>.text:restartMotorControl</name>
         <load_address>0x84b17</load_address>
         <run_address>0x84b17</run_address>
         <size>0x4f</size>
         <input_file_ref idref="fl-24"/>
      </object_component>
      <object_component id="oc-3b2">
         <name>.text:EST_Freq_setParams</name>
         <load_address>0x84b66</load_address>
         <run_address>0x84b66</run_address>
         <size>0x4e</size>
         <input_file_ref idref="fl-60"/>
      </object_component>
      <object_component id="oc-3a9">
         <name>.text:EST_Dir_setHpFilterParams</name>
         <load_address>0x84bb4</load_address>
         <run_address>0x84bb4</run_address>
         <size>0x4a</size>
         <input_file_ref idref="fl-5a"/>
      </object_component>
      <object_component id="oc-4b8">
         <name>.text:EST_Flux_ab_setDerFilterParams</name>
         <load_address>0x84bfe</load_address>
         <run_address>0x84bfe</run_address>
         <size>0x4a</size>
         <input_file_ref idref="fl-5d"/>
      </object_component>
      <object_component id="oc-4bb">
         <name>.text:EST_Iab_setLpFilterParams</name>
         <load_address>0x84c48</load_address>
         <run_address>0x84c48</run_address>
         <size>0x4a</size>
         <input_file_ref idref="fl-61"/>
      </object_component>
      <object_component id="oc-4bc">
         <name>.text:EST_Idq_setLpFilterParams</name>
         <load_address>0x84c92</load_address>
         <run_address>0x84c92</run_address>
         <size>0x4a</size>
         <input_file_ref idref="fl-62"/>
      </object_component>
      <object_component id="oc-4be">
         <name>.text:EST_Vdq_setLpFilterParams</name>
         <load_address>0x84cdc</load_address>
         <run_address>0x84cdc</run_address>
         <size>0x4a</size>
         <input_file_ref idref="fl-6a"/>
      </object_component>
      <object_component id="oc-445">
         <name>.text:SysCtl_selectXTAL</name>
         <load_address>0x84d26</load_address>
         <run_address>0x84d26</run_address>
         <size>0x48</size>
         <input_file_ref idref="fl-43"/>
      </object_component>
      <object_component id="oc-3c1">
         <name>.text:EST_RsOnLine_setParams</name>
         <load_address>0x84d6e</load_address>
         <run_address>0x84d6e</run_address>
         <size>0x45</size>
         <input_file_ref idref="fl-66"/>
      </object_component>
      <object_component id="oc-144">
         <name>.text:Interrupt_initModule</name>
         <load_address>0x84db3</load_address>
         <run_address>0x84db3</run_address>
         <size>0x41</size>
         <input_file_ref idref="fl-3d"/>
      </object_component>
      <object_component id="oc-3b9">
         <name>.text:EST_Ls_setParams</name>
         <load_address>0x84df4</load_address>
         <run_address>0x84df4</run_address>
         <size>0x3f</size>
         <input_file_ref idref="fl-63"/>
      </object_component>
      <object_component id="oc-2a5">
         <name>.text:GPIO_setPadConfig</name>
         <load_address>0x84e33</load_address>
         <run_address>0x84e33</run_address>
         <size>0x3f</size>
         <input_file_ref idref="fl-38"/>
      </object_component>
      <object_component id="oc-3c2">
         <name>.text:EST_RsOnLine_setLpFilterParams</name>
         <load_address>0x84e72</load_address>
         <run_address>0x84e72</run_address>
         <size>0x3d</size>
         <input_file_ref idref="fl-66"/>
      </object_component>
      <object_component id="oc-3e6">
         <name>.text:EST_Flux_updateState</name>
         <load_address>0x84eaf</load_address>
         <run_address>0x84eaf</run_address>
         <size>0x3a</size>
         <input_file_ref idref="fl-5f"/>
      </object_component>
      <object_component id="oc-24d">
         <name>.text:VS_FREQ_setProfile</name>
         <load_address>0x84ee9</load_address>
         <run_address>0x84ee9</run_address>
         <size>0x3a</size>
         <input_file_ref idref="fl-7"/>
      </object_component>
      <object_component id="oc-138">
         <name>.text:Device_init</name>
         <load_address>0x84f23</load_address>
         <run_address>0x84f23</run_address>
         <size>0x37</size>
         <input_file_ref idref="fl-25"/>
      </object_component>
      <object_component id="oc-220">
         <name>.text:Interrupt_enable</name>
         <load_address>0x84f5a</load_address>
         <run_address>0x84f5a</run_address>
         <size>0x36</size>
         <input_file_ref idref="fl-3d"/>
      </object_component>
      <object_component id="oc-3e1">
         <name>.text:EST_Ls_updateState</name>
         <load_address>0x84f90</load_address>
         <run_address>0x84f90</run_address>
         <size>0x35</size>
         <input_file_ref idref="fl-63"/>
      </object_component>
      <object_component id="oc-3e0">
         <name>.text:EST_Rr_updateState</name>
         <load_address>0x84fc5</load_address>
         <run_address>0x84fc5</run_address>
         <size>0x33</size>
         <input_file_ref idref="fl-65"/>
      </object_component>
      <object_component id="oc-3e8">
         <name>.text:EST_Rs_updateState</name>
         <load_address>0x84ff8</load_address>
         <run_address>0x84ff8</run_address>
         <size>0x33</size>
         <input_file_ref idref="fl-67"/>
      </object_component>
      <object_component id="oc-2b9">
         <name>.text:HAL_enableDRV</name>
         <load_address>0x8502b</load_address>
         <run_address>0x8502b</run_address>
         <size>0x32</size>
         <input_file_ref idref="fl-20"/>
      </object_component>
      <object_component id="oc-180">
         <name>.text:DAC128S_writeCommand</name>
         <load_address>0x8505d</load_address>
         <run_address>0x8505d</run_address>
         <size>0x31</size>
         <input_file_ref idref="fl-8"/>
      </object_component>
      <object_component id="oc-495">
         <name>.text:EST_Dir_init</name>
         <load_address>0x8508e</load_address>
         <run_address>0x8508e</run_address>
         <size>0x31</size>
         <input_file_ref idref="fl-5a"/>
      </object_component>
      <object_component id="oc-299">
         <name>.text:GPIO_setPinConfig</name>
         <load_address>0x850bf</load_address>
         <run_address>0x850bf</run_address>
         <size>0x30</size>
         <input_file_ref idref="fl-38"/>
      </object_component>
      <object_component id="oc-88">
         <name>.text:decompress:lzss</name>
         <load_address>0x850ef</load_address>
         <run_address>0x850ef</run_address>
         <size>0x30</size>
         <input_file_ref idref="fl-7f"/>
      </object_component>
      <object_component id="oc-198">
         <name>.text:calcMotorOverCurrentThreshold</name>
         <load_address>0x8511f</load_address>
         <run_address>0x8511f</run_address>
         <size>0x2f</size>
         <input_file_ref idref="fl-24"/>
      </object_component>
      <object_component id="oc-4c8">
         <name>.text:EST_Iab_resetLpFilters</name>
         <load_address>0x8514e</load_address>
         <run_address>0x8514e</run_address>
         <size>0x2e</size>
         <input_file_ref idref="fl-61"/>
      </object_component>
      <object_component id="oc-227">
         <name>.text:HAL_MTR1_init</name>
         <load_address>0x8517c</load_address>
         <run_address>0x8517c</run_address>
         <size>0x2e</size>
         <input_file_ref idref="fl-20"/>
      </object_component>
      <object_component id="oc-14a">
         <name>.text:HAL_init</name>
         <load_address>0x851aa</load_address>
         <run_address>0x851aa</run_address>
         <size>0x2d</size>
         <input_file_ref idref="fl-20"/>
      </object_component>
      <object_component id="oc-358">
         <name>.text:SCI_setConfig</name>
         <load_address>0x851d7</load_address>
         <run_address>0x851d7</run_address>
         <size>0x2b</size>
         <input_file_ref idref="fl-41"/>
      </object_component>
      <object_component id="oc-475">
         <name>.text:XBAR_setEPWMMuxConfig</name>
         <load_address>0x85202</load_address>
         <run_address>0x85202</run_address>
         <size>0x2b</size>
         <input_file_ref idref="fl-45"/>
      </object_component>
      <object_component id="oc-3ff">
         <name>.text:__TI_auto_init_nobinit_nopinit</name>
         <load_address>0x8522d</load_address>
         <run_address>0x8522d</run_address>
         <size>0x2b</size>
         <input_file_ref idref="fl-7c"/>
      </object_component>
      <object_component id="oc-4ba">
         <name>.text:EST_Freq_setDerFilterParams</name>
         <load_address>0x85258</load_address>
         <run_address>0x85258</run_address>
         <size>0x2a</size>
         <input_file_ref idref="fl-60"/>
      </object_component>
      <object_component id="oc-4b9">
         <name>.text:EST_Freq_setLpFilterParams</name>
         <load_address>0x85282</load_address>
         <run_address>0x85282</run_address>
         <size>0x2a</size>
         <input_file_ref idref="fl-60"/>
      </object_component>
      <object_component id="oc-4ca">
         <name>.text:EST_Vdq_resetLpFilters</name>
         <load_address>0x852ac</load_address>
         <run_address>0x852ac</run_address>
         <size>0x2a</size>
         <input_file_ref idref="fl-6a"/>
      </object_component>
      <object_component id="oc-207">
         <name>.text:HAL_setupTimeBaseTimer</name>
         <load_address>0x852d6</load_address>
         <run_address>0x852d6</run_address>
         <size>0x2a</size>
         <input_file_ref idref="fl-20"/>
      </object_component>
      <object_component id="oc-3bc">
         <name>.text:EST_OneOverDcBus_setParams</name>
         <load_address>0x85300</load_address>
         <run_address>0x85300</run_address>
         <size>0x29</size>
         <input_file_ref idref="fl-64"/>
      </object_component>
      <object_component id="oc-4a2">
         <name>.text:EST_RsOnLine_init</name>
         <load_address>0x85329</load_address>
         <run_address>0x85329</run_address>
         <size>0x29</size>
         <input_file_ref idref="fl-66"/>
      </object_component>
      <object_component id="oc-3ac">
         <name>.text:EST_setFluxBeta_lp</name>
         <load_address>0x85352</load_address>
         <run_address>0x85352</run_address>
         <size>0x29</size>
         <input_file_ref idref="fl-57"/>
      </object_component>
      <object_component id="oc-235">
         <name>.text:HAL_MTR_setParams</name>
         <load_address>0x8537b</load_address>
         <run_address>0x8537b</run_address>
         <size>0x29</size>
         <input_file_ref idref="fl-20"/>
      </object_component>
      <object_component id="oc-31f">
         <name>.text</name>
         <load_address>0x853a4</load_address>
         <run_address>0x853a4</run_address>
         <size>0x29</size>
         <input_file_ref idref="fl-80"/>
      </object_component>
      <object_component id="oc-3f7">
         <name>.text:EST_computeTorque_Nm</name>
         <load_address>0x853cd</load_address>
         <run_address>0x853cd</run_address>
         <size>0x28</size>
         <input_file_ref idref="fl-57"/>
      </object_component>
      <object_component id="oc-3a6">
         <name>.text:EST_Angle_setParams</name>
         <load_address>0x853f5</load_address>
         <run_address>0x853f5</run_address>
         <size>0x26</size>
         <input_file_ref idref="fl-59"/>
      </object_component>
      <object_component id="oc-4c9">
         <name>.text:EST_Idq_resetLpFilters</name>
         <load_address>0x8541b</load_address>
         <run_address>0x8541b</run_address>
         <size>0x26</size>
         <input_file_ref idref="fl-62"/>
      </object_component>
      <object_component id="oc-2c1">
         <name>.text:SPI_setConfig</name>
         <load_address>0x85441</load_address>
         <run_address>0x85441</run_address>
         <size>0x26</size>
         <input_file_ref idref="fl-42"/>
      </object_component>
      <object_component id="oc-337">
         <name>.text:SysCtl_selectOscSource</name>
         <load_address>0x85467</load_address>
         <run_address>0x85467</run_address>
         <size>0x26</size>
         <input_file_ref idref="fl-43"/>
      </object_component>
      <object_component id="oc-150">
         <name>.text:HAL_setParams</name>
         <load_address>0x8548d</load_address>
         <run_address>0x8548d</run_address>
         <size>0x24</size>
         <input_file_ref idref="fl-20"/>
      </object_component>
      <object_component id="oc-2ab">
         <name>.text:GPIO_setQualificationMode</name>
         <load_address>0x854b1</load_address>
         <run_address>0x854b1</run_address>
         <size>0x22</size>
         <input_file_ref idref="fl-38"/>
      </object_component>
      <object_component id="oc-43f">
         <name>.text:SysCtl_selectXTALSingleEnded</name>
         <load_address>0x854d3</load_address>
         <run_address>0x854d3</run_address>
         <size>0x22</size>
         <input_file_ref idref="fl-43"/>
      </object_component>
      <object_component id="oc-29f">
         <name>.text:GPIO_setDirectionMode</name>
         <load_address>0x854f5</load_address>
         <run_address>0x854f5</run_address>
         <size>0x20</size>
         <input_file_ref idref="fl-38"/>
      </object_component>
      <object_component id="oc-283">
         <name>.text:HAL_setTriggerPrams</name>
         <load_address>0x85515</load_address>
         <run_address>0x85515</run_address>
         <size>0x20</size>
         <input_file_ref idref="fl-20"/>
      </object_component>
      <object_component id="oc-3e7">
         <name>.text:EST_computeLmag_H</name>
         <load_address>0x85535</load_address>
         <run_address>0x85535</run_address>
         <size>0x1e</size>
         <input_file_ref idref="fl-57"/>
      </object_component>
      <object_component id="oc-1db">
         <name>.text:SPI_clearInterruptStatus</name>
         <load_address>0x85553</load_address>
         <run_address>0x85553</run_address>
         <size>0x1e</size>
         <input_file_ref idref="fl-42"/>
      </object_component>
      <object_component id="oc-d5">
         <name>.text:Interrupt_initVectorTable</name>
         <load_address>0x85572</load_address>
         <run_address>0x85572</run_address>
         <size>0x1d</size>
         <input_file_ref idref="fl-3d"/>
      </object_component>
      <object_component id="oc-ee">
         <name>.text</name>
         <load_address>0x8558f</load_address>
         <run_address>0x8558f</run_address>
         <size>0x1d</size>
         <input_file_ref idref="fl-7a"/>
      </object_component>
      <object_component id="oc-4c3">
         <name>.text:EST_Dir_resetLpFilters</name>
         <load_address>0x855ac</load_address>
         <run_address>0x855ac</run_address>
         <size>0x1c</size>
         <input_file_ref idref="fl-5a"/>
      </object_component>
      <object_component id="oc-3bd">
         <name>.text:EST_Rr_setParams</name>
         <load_address>0x855c8</load_address>
         <run_address>0x855c8</run_address>
         <size>0x1c</size>
         <input_file_ref idref="fl-65"/>
      </object_component>
      <object_component id="oc-3bf">
         <name>.text:EST_Rs_setParams</name>
         <load_address>0x855e4</load_address>
         <run_address>0x855e4</run_address>
         <size>0x1c</size>
         <input_file_ref idref="fl-67"/>
      </object_component>
      <object_component id="oc-4a3">
         <name>.text:EST_Traj_init</name>
         <load_address>0x85600</load_address>
         <run_address>0x85600</run_address>
         <size>0x1c</size>
         <input_file_ref idref="fl-68"/>
      </object_component>
      <object_component id="oc-3b4">
         <name>.text:EST_setFreqBetaOmega_der</name>
         <load_address>0x8561c</load_address>
         <run_address>0x8561c</run_address>
         <size>0x1c</size>
         <input_file_ref idref="fl-57"/>
      </object_component>
      <object_component id="oc-35e">
         <name>.text:SCI_clearInterruptStatus</name>
         <load_address>0x85638</load_address>
         <run_address>0x85638</run_address>
         <size>0x1c</size>
         <input_file_ref idref="fl-41"/>
      </object_component>
      <object_component id="oc-3b0">
         <name>.text:EST_setFlux_ab_betaOmega_der</name>
         <load_address>0x85654</load_address>
         <run_address>0x85654</run_address>
         <size>0x1b</size>
         <input_file_ref idref="fl-57"/>
      </object_component>
      <object_component id="oc-2b1">
         <name>.text:GPIO_setQualificationPeriod</name>
         <load_address>0x8566f</load_address>
         <run_address>0x8566f</run_address>
         <size>0x1b</size>
         <input_file_ref idref="fl-38"/>
      </object_component>
      <object_component id="oc-20d">
         <name>.text:HAL_setupCPUUsageTimer</name>
         <load_address>0x8568a</load_address>
         <run_address>0x8568a</run_address>
         <size>0x1b</size>
         <input_file_ref idref="fl-20"/>
      </object_component>
      <object_component id="oc-15c">
         <name>.text:initMotor1Handles</name>
         <load_address>0x856a5</load_address>
         <run_address>0x856a5</run_address>
         <size>0x1a</size>
         <input_file_ref idref="fl-23"/>
      </object_component>
      <object_component id="oc-349">
         <name>.text:ADC_setVREF</name>
         <load_address>0x856bf</load_address>
         <run_address>0x856bf</run_address>
         <size>0x19</size>
         <input_file_ref idref="fl-28"/>
      </object_component>
      <object_component id="oc-468">
         <name>.text:CMPSS_configFilterHigh</name>
         <load_address>0x856d8</load_address>
         <run_address>0x856d8</run_address>
         <size>0x19</size>
         <input_file_ref idref="fl-2d"/>
      </object_component>
      <object_component id="oc-46e">
         <name>.text:CMPSS_configFilterLow</name>
         <load_address>0x856f1</load_address>
         <run_address>0x856f1</run_address>
         <size>0x19</size>
         <input_file_ref idref="fl-2d"/>
      </object_component>
      <object_component id="oc-25f">
         <name>.text:setupClarke_I</name>
         <load_address>0x8570a</load_address>
         <run_address>0x8570a</run_address>
         <size>0x19</size>
         <input_file_ref idref="fl-24"/>
      </object_component>
      <object_component id="oc-4c2">
         <name>.text:EST_Traj_reset</name>
         <load_address>0x85723</load_address>
         <run_address>0x85723</run_address>
         <size>0x18</size>
         <input_file_ref idref="fl-68"/>
      </object_component>
      <object_component id="oc-1ca">
         <name>.text</name>
         <load_address>0x8573b</load_address>
         <run_address>0x8573b</run_address>
         <size>0x17</size>
         <input_file_ref idref="fl-78"/>
      </object_component>
      <object_component id="oc-499">
         <name>.text:EST_Flux_ab_init</name>
         <load_address>0x85752</load_address>
         <run_address>0x85752</run_address>
         <size>0x16</size>
         <input_file_ref idref="fl-5d"/>
      </object_component>
      <object_component id="oc-49b">
         <name>.text:EST_Freq_init</name>
         <load_address>0x85768</load_address>
         <run_address>0x85768</run_address>
         <size>0x16</size>
         <input_file_ref idref="fl-60"/>
      </object_component>
      <object_component id="oc-49c">
         <name>.text:EST_Iab_init</name>
         <load_address>0x8577e</load_address>
         <run_address>0x8577e</run_address>
         <size>0x16</size>
         <input_file_ref idref="fl-61"/>
      </object_component>
      <object_component id="oc-3b5">
         <name>.text:EST_Iab_setParams</name>
         <load_address>0x85794</load_address>
         <run_address>0x85794</run_address>
         <size>0x16</size>
         <input_file_ref idref="fl-61"/>
      </object_component>
      <object_component id="oc-49d">
         <name>.text:EST_Idq_init</name>
         <load_address>0x857aa</load_address>
         <run_address>0x857aa</run_address>
         <size>0x16</size>
         <input_file_ref idref="fl-62"/>
      </object_component>
      <object_component id="oc-4a5">
         <name>.text:EST_Vdq_init</name>
         <load_address>0x857c0</load_address>
         <run_address>0x857c0</run_address>
         <size>0x16</size>
         <input_file_ref idref="fl-6a"/>
      </object_component>
      <object_component id="oc-450">
         <name>.text:ADC_setOffsetTrimAll</name>
         <load_address>0x857d6</load_address>
         <run_address>0x857d6</run_address>
         <size>0x15</size>
         <input_file_ref idref="fl-28"/>
      </object_component>
      <object_component id="oc-3b3">
         <name>.text:EST_setFreqBeta_lp</name>
         <load_address>0x857eb</load_address>
         <run_address>0x857eb</run_address>
         <size>0x15</size>
         <input_file_ref idref="fl-57"/>
      </object_component>
      <object_component id="oc-3b6">
         <name>.text:EST_setIab_beta_lp</name>
         <load_address>0x85800</load_address>
         <run_address>0x85800</run_address>
         <size>0x15</size>
         <input_file_ref idref="fl-57"/>
      </object_component>
      <object_component id="oc-3b7">
         <name>.text:EST_setIdq_beta_lp</name>
         <load_address>0x85815</load_address>
         <run_address>0x85815</run_address>
         <size>0x15</size>
         <input_file_ref idref="fl-57"/>
      </object_component>
      <object_component id="oc-3c6">
         <name>.text:EST_setVdq_beta_lp</name>
         <load_address>0x8582a</load_address>
         <run_address>0x8582a</run_address>
         <size>0x15</size>
         <input_file_ref idref="fl-57"/>
      </object_component>
      <object_component id="oc-259">
         <name>.text:setupClarke_V</name>
         <load_address>0x8583f</load_address>
         <run_address>0x8583f</run_address>
         <size>0x14</size>
         <input_file_ref idref="fl-24"/>
      </object_component>
      <object_component id="oc-3b8">
         <name>.text:EST_Idq_setParams</name>
         <load_address>0x85853</load_address>
         <run_address>0x85853</run_address>
         <size>0x13</size>
         <input_file_ref idref="fl-62"/>
      </object_component>
      <object_component id="oc-36b">
         <name>.text:I2C_enableInterrupt</name>
         <load_address>0x85866</load_address>
         <run_address>0x85866</run_address>
         <size>0x13</size>
         <input_file_ref idref="fl-3c"/>
      </object_component>
      <object_component id="oc-3c5">
         <name>.text:EST_Vdq_setParams</name>
         <load_address>0x85879</load_address>
         <run_address>0x85879</run_address>
         <size>0x12</size>
         <input_file_ref idref="fl-6a"/>
      </object_component>
      <object_component id="oc-289">
         <name>.text:EST_initEst</name>
         <load_address>0x8588b</load_address>
         <run_address>0x8588b</run_address>
         <size>0x12</size>
         <input_file_ref idref="fl-57"/>
      </object_component>
      <object_component id="oc-2c9">
         <name>.text:HAL_setMtrCMPSSDACValue</name>
         <load_address>0x8589d</load_address>
         <run_address>0x8589d</run_address>
         <size>0x12</size>
         <input_file_ref idref="fl-20"/>
      </object_component>
      <object_component id="oc-371">
         <name>.text:I2C_clearInterruptStatus</name>
         <load_address>0x858af</load_address>
         <run_address>0x858af</run_address>
         <size>0x11</size>
         <input_file_ref idref="fl-3c"/>
      </object_component>
      <object_component id="oc-c1">
         <name>.text:canaISR</name>
         <load_address>0x858c0</load_address>
         <run_address>0x858c0</run_address>
         <size>0x11</size>
         <input_file_ref idref="fl-22"/>
      </object_component>
      <object_component id="oc-13e">
         <name>.text:Device_initGPIO</name>
         <load_address>0x858d1</load_address>
         <run_address>0x858d1</run_address>
         <size>0x10</size>
         <input_file_ref idref="fl-25"/>
      </object_component>
      <object_component id="oc-4c4">
         <name>.text:EST_Dir_resetHpFilters</name>
         <load_address>0x858e1</load_address>
         <run_address>0x858e1</run_address>
         <size>0x10</size>
         <input_file_ref idref="fl-5a"/>
      </object_component>
      <object_component id="oc-4c7">
         <name>.text:EST_Flux_ab_resetDerFilters</name>
         <load_address>0x858f1</load_address>
         <run_address>0x858f1</run_address>
         <size>0x10</size>
         <input_file_ref idref="fl-5d"/>
      </object_component>
      <object_component id="oc-16e">
         <name>.text:HAL_MTR_setGateDriver</name>
         <load_address>0x85901</load_address>
         <run_address>0x85901</run_address>
         <size>0x10</size>
         <input_file_ref idref="fl-20"/>
      </object_component>
      <object_component id="oc-2d6">
         <name>.text:stopMotorControl</name>
         <load_address>0x85911</load_address>
         <run_address>0x85911</run_address>
         <size>0x10</size>
         <input_file_ref idref="fl-24"/>
      </object_component>
      <object_component id="oc-498">
         <name>.text:EST_Flux_init</name>
         <load_address>0x85921</load_address>
         <run_address>0x85921</run_address>
         <size>0xf</size>
         <input_file_ref idref="fl-5f"/>
      </object_component>
      <object_component id="oc-49f">
         <name>.text:EST_OneOverDcBus_init</name>
         <load_address>0x85930</load_address>
         <run_address>0x85930</run_address>
         <size>0xf</size>
         <input_file_ref idref="fl-64"/>
      </object_component>
      <object_component id="oc-28e">
         <name>.text:EST_setFreqLFP_sf</name>
         <load_address>0x8593f</load_address>
         <run_address>0x8593f</run_address>
         <size>0xf</size>
         <input_file_ref idref="fl-56"/>
      </object_component>
      <object_component id="oc-3f4">
         <name>.text:EST_getFlux_Wb</name>
         <load_address>0x8594e</load_address>
         <run_address>0x8594e</run_address>
         <size>0xe</size>
         <input_file_ref idref="fl-57"/>
      </object_component>
      <object_component id="oc-111">
         <name>.text:EST_getFm_lp_Hz</name>
         <load_address>0x8595c</load_address>
         <run_address>0x8595c</run_address>
         <size>0xe</size>
         <input_file_ref idref="fl-57"/>
      </object_component>
      <object_component id="oc-241">
         <name>.text:ANGLE_GEN_setParams</name>
         <load_address>0x8596a</load_address>
         <run_address>0x8596a</run_address>
         <size>0xd</size>
         <input_file_ref idref="fl-19"/>
      </object_component>
      <object_component id="oc-156">
         <name>.text:HAL_enableCtrlInts</name>
         <load_address>0x85977</load_address>
         <run_address>0x85977</run_address>
         <size>0xd</size>
         <input_file_ref idref="fl-20"/>
      </object_component>
      <object_component id="oc-28f">
         <name>.text:EST_setBemf_sf</name>
         <load_address>0x85984</load_address>
         <run_address>0x85984</run_address>
         <size>0xc</size>
         <input_file_ref idref="fl-56"/>
      </object_component>
      <object_component id="oc-28d">
         <name>.text:EST_setOneOverFluxGain_sf</name>
         <load_address>0x85990</load_address>
         <run_address>0x85990</run_address>
         <size>0xc</size>
         <input_file_ref idref="fl-56"/>
      </object_component>
      <object_component id="oc-e5">
         <name>.text:Interrupt_defaultHandler</name>
         <load_address>0x8599c</load_address>
         <run_address>0x8599c</run_address>
         <size>0xc</size>
         <input_file_ref idref="fl-3d"/>
      </object_component>
      <object_component id="oc-319">
         <name>.text</name>
         <load_address>0x859a8</load_address>
         <run_address>0x859a8</run_address>
         <size>0xc</size>
         <input_file_ref idref="fl-82"/>
      </object_component>
      <object_component id="oc-3a7">
         <name>.text:EST_Dir_setParams</name>
         <load_address>0x859b4</load_address>
         <run_address>0x859b4</run_address>
         <size>0xb</size>
         <input_file_ref idref="fl-5a"/>
      </object_component>
      <object_component id="oc-174">
         <name>.text:DAC128S_init</name>
         <load_address>0x859bf</load_address>
         <run_address>0x859bf</run_address>
         <size>0xa</size>
         <input_file_ref idref="fl-8"/>
      </object_component>
      <object_component id="oc-3af">
         <name>.text:EST_Flux_ab_setParams</name>
         <load_address>0x859c9</load_address>
         <run_address>0x859c9</run_address>
         <size>0xa</size>
         <input_file_ref idref="fl-5d"/>
      </object_component>
      <object_component id="oc-df">
         <name>.text:Interrupt_illegalOperationHandler</name>
         <load_address>0x859d3</load_address>
         <run_address>0x859d3</run_address>
         <size>0xa</size>
         <input_file_ref idref="fl-3d"/>
      </object_component>
      <object_component id="oc-d3">
         <name>.text:Interrupt_nmiHandler</name>
         <load_address>0x859dd</load_address>
         <run_address>0x859dd</run_address>
         <size>0xa</size>
         <input_file_ref idref="fl-3d"/>
      </object_component>
      <object_component id="oc-461">
         <name>.text:EPWM_setEmulationMode</name>
         <load_address>0x859e7</load_address>
         <run_address>0x859e7</run_address>
         <size>0x9</size>
         <input_file_ref idref="fl-33"/>
      </object_component>
      <object_component id="oc-3f8">
         <name>.text:EST_computePower_W</name>
         <load_address>0x859f0</load_address>
         <run_address>0x859f0</run_address>
         <size>0x9</size>
         <input_file_ref idref="fl-57"/>
      </object_component>
      <object_component id="oc-11c">
         <name>.text:EST_setAngle_rad</name>
         <load_address>0x859f9</load_address>
         <run_address>0x859f9</run_address>
         <size>0x9</size>
         <input_file_ref idref="fl-57"/>
      </object_component>
      <object_component id="oc-4bd">
         <name>.text:INVERSE_setParams</name>
         <load_address>0x85a02</load_address>
         <run_address>0x85a02</run_address>
         <size>0x9</size>
         <input_file_ref idref="fl-6b"/>
      </object_component>
      <object_component id="oc-4e9">
         <name>.text</name>
         <load_address>0x85a0b</load_address>
         <run_address>0x85a0b</run_address>
         <size>0x9</size>
         <input_file_ref idref="fl-81"/>
      </object_component>
      <object_component id="oc-2e3">
         <name>.text:EST_enableTraj</name>
         <load_address>0x85a14</load_address>
         <run_address>0x85a14</run_address>
         <size>0x8</size>
         <input_file_ref idref="fl-57"/>
      </object_component>
      <object_component id="oc-3f2">
         <name>.text:EST_getLs_d_H</name>
         <load_address>0x85a1c</load_address>
         <run_address>0x85a1c</run_address>
         <size>0x8</size>
         <input_file_ref idref="fl-57"/>
      </object_component>
      <object_component id="oc-3f3">
         <name>.text:EST_getLs_q_H</name>
         <load_address>0x85a24</load_address>
         <run_address>0x85a24</run_address>
         <size>0x8</size>
         <input_file_ref idref="fl-57"/>
      </object_component>
      <object_component id="oc-3f1">
         <name>.text:EST_getRr_Ohm</name>
         <load_address>0x85a2c</load_address>
         <run_address>0x85a2c</run_address>
         <size>0x8</size>
         <input_file_ref idref="fl-57"/>
      </object_component>
      <object_component id="oc-3f5">
         <name>.text:EST_getRsOnLine_Ohm</name>
         <load_address>0x85a34</load_address>
         <run_address>0x85a34</run_address>
         <size>0x8</size>
         <input_file_ref idref="fl-57"/>
      </object_component>
      <object_component id="oc-3ed">
         <name>.text:EST_getRs_Ohm</name>
         <load_address>0x85a3c</load_address>
         <run_address>0x85a3c</run_address>
         <size>0x8</size>
         <input_file_ref idref="fl-57"/>
      </object_component>
      <object_component id="oc-2ec">
         <name>.text:EST_isError</name>
         <load_address>0x85a44</load_address>
         <run_address>0x85a44</run_address>
         <size>0x8</size>
         <input_file_ref idref="fl-57"/>
      </object_component>
      <object_component id="oc-2f1">
         <name>.text:EST_isIdle</name>
         <load_address>0x85a4c</load_address>
         <run_address>0x85a4c</run_address>
         <size>0x8</size>
         <input_file_ref idref="fl-57"/>
      </object_component>
      <object_component id="oc-2f0">
         <name>.text:EST_isLockRotor</name>
         <load_address>0x85a54</load_address>
         <run_address>0x85a54</run_address>
         <size>0x8</size>
         <input_file_ref idref="fl-57"/>
      </object_component>
      <object_component id="oc-290">
         <name>.text:EST_setFlag_enablePowerWarp</name>
         <load_address>0x85a5c</load_address>
         <run_address>0x85a5c</run_address>
         <size>0x8</size>
         <input_file_ref idref="fl-57"/>
      </object_component>
      <object_component id="oc-3e4">
         <name>.text:EST_setLs_d_H</name>
         <load_address>0x85a64</load_address>
         <run_address>0x85a64</run_address>
         <size>0x8</size>
         <input_file_ref idref="fl-57"/>
      </object_component>
      <object_component id="oc-3e5">
         <name>.text:EST_setLs_q_H</name>
         <load_address>0x85a6c</load_address>
         <run_address>0x85a6c</run_address>
         <size>0x8</size>
         <input_file_ref idref="fl-57"/>
      </object_component>
      <object_component id="oc-3e3">
         <name>.text:EST_setRr_Ohm</name>
         <load_address>0x85a74</load_address>
         <run_address>0x85a74</run_address>
         <size>0x8</size>
         <input_file_ref idref="fl-57"/>
      </object_component>
      <object_component id="oc-3ec">
         <name>.text:EST_setRsOnLineId_A</name>
         <load_address>0x85a7c</load_address>
         <run_address>0x85a7c</run_address>
         <size>0x8</size>
         <input_file_ref idref="fl-57"/>
      </object_component>
      <object_component id="oc-3eb">
         <name>.text:EST_setRsOnLineId_mag_A</name>
         <load_address>0x85a84</load_address>
         <run_address>0x85a84</run_address>
         <size>0x8</size>
         <input_file_ref idref="fl-57"/>
      </object_component>
      <object_component id="oc-3ee">
         <name>.text:EST_setRsOnLine_Ohm</name>
         <load_address>0x85a8c</load_address>
         <run_address>0x85a8c</run_address>
         <size>0x8</size>
         <input_file_ref idref="fl-57"/>
      </object_component>
      <object_component id="oc-8e">
         <name>.text:decompress:none</name>
         <load_address>0x85a94</load_address>
         <run_address>0x85a94</run_address>
         <size>0x8</size>
         <input_file_ref idref="fl-7e"/>
      </object_component>
      <object_component id="oc-102">
         <name>.text</name>
         <load_address>0x85a9c</load_address>
         <run_address>0x85a9c</run_address>
         <size>0x8</size>
         <input_file_ref idref="fl-26"/>
      </object_component>
      <object_component id="oc-3aa">
         <name>.text:EST_Eab_setParams</name>
         <load_address>0x85aa4</load_address>
         <run_address>0x85aa4</run_address>
         <size>0x7</size>
         <input_file_ref idref="fl-5b"/>
      </object_component>
      <object_component id="oc-3ae">
         <name>.text:EST_Flux_setWaitTimes</name>
         <load_address>0x85aab</load_address>
         <run_address>0x85aab</run_address>
         <size>0x7</size>
         <input_file_ref idref="fl-5f"/>
      </object_component>
      <object_component id="oc-4c5">
         <name>.text:EST_Freq_resetDerFilter</name>
         <load_address>0x85ab2</load_address>
         <run_address>0x85ab2</run_address>
         <size>0x7</size>
         <input_file_ref idref="fl-60"/>
      </object_component>
      <object_component id="oc-4c6">
         <name>.text:EST_Freq_resetLpFilter</name>
         <load_address>0x85ab9</load_address>
         <run_address>0x85ab9</run_address>
         <size>0x7</size>
         <input_file_ref idref="fl-60"/>
      </object_component>
      <object_component id="oc-3ba">
         <name>.text:EST_Ls_setWaitTimes</name>
         <load_address>0x85ac0</load_address>
         <run_address>0x85ac0</run_address>
         <size>0x7</size>
         <input_file_ref idref="fl-63"/>
      </object_component>
      <object_component id="oc-3be">
         <name>.text:EST_Rr_setWaitTimes</name>
         <load_address>0x85ac7</load_address>
         <run_address>0x85ac7</run_address>
         <size>0x7</size>
         <input_file_ref idref="fl-65"/>
      </object_component>
      <object_component id="oc-3c0">
         <name>.text:EST_Rs_setWaitTimes</name>
         <load_address>0x85ace</load_address>
         <run_address>0x85ace</run_address>
         <size>0x7</size>
         <input_file_ref idref="fl-67"/>
      </object_component>
      <object_component id="oc-2ee">
         <name>.text:EST_configureTraj</name>
         <load_address>0x85ad5</load_address>
         <run_address>0x85ad5</run_address>
         <size>0x7</size>
         <input_file_ref idref="fl-57"/>
      </object_component>
      <object_component id="oc-2f3">
         <name>.text:EST_disableTraj</name>
         <load_address>0x85adc</load_address>
         <run_address>0x85adc</run_address>
         <size>0x7</size>
         <input_file_ref idref="fl-57"/>
      </object_component>
      <object_component id="oc-3bb">
         <name>.text:EST_setMotorParams</name>
         <load_address>0x85ae3</load_address>
         <run_address>0x85ae3</run_address>
         <size>0x7</size>
         <input_file_ref idref="fl-57"/>
      </object_component>
      <object_component id="oc-3c7">
         <name>.text:EST_setWaitTimes</name>
         <load_address>0x85aea</load_address>
         <run_address>0x85aea</run_address>
         <size>0x7</size>
         <input_file_ref idref="fl-57"/>
      </object_component>
      <object_component id="oc-2eb">
         <name>.text:EST_updateTrajState</name>
         <load_address>0x85af1</load_address>
         <run_address>0x85af1</run_address>
         <size>0x7</size>
         <input_file_ref idref="fl-57"/>
      </object_component>
      <object_component id="oc-131">
         <name>.text:HAL_clearDataRAM</name>
         <load_address>0x85af8</load_address>
         <run_address>0x85af8</run_address>
         <size>0x7</size>
         <input_file_ref idref="fl-20"/>
      </object_component>
      <object_component id="oc-1c3">
         <name>.text</name>
         <load_address>0x85aff</load_address>
         <run_address>0x85aff</run_address>
         <size>0x7</size>
         <input_file_ref idref="fl-83"/>
      </object_component>
      <object_component id="oc-23b">
         <name>.text:ANGLE_GEN_init</name>
         <load_address>0x85b06</load_address>
         <run_address>0x85b06</run_address>
         <size>0x6</size>
         <input_file_ref idref="fl-19"/>
      </object_component>
      <object_component id="oc-350">
         <name>.text:CPUTimer_setEmulationMode</name>
         <load_address>0x85b0c</load_address>
         <run_address>0x85b0c</run_address>
         <size>0x6</size>
         <input_file_ref idref="fl-2e"/>
      </object_component>
      <object_component id="oc-3db">
         <name>.text:EST_Traj_isError</name>
         <load_address>0x85b12</load_address>
         <run_address>0x85b12</run_address>
         <size>0x6</size>
         <input_file_ref idref="fl-68"/>
      </object_component>
      <object_component id="oc-4cb">
         <name>.text:EST_getFe_rps</name>
         <load_address>0x85b18</load_address>
         <run_address>0x85b18</run_address>
         <size>0x6</size>
         <input_file_ref idref="fl-57"/>
      </object_component>
      <object_component id="oc-2ea">
         <name>.text:EST_isTrajError</name>
         <load_address>0x85b1e</load_address>
         <run_address>0x85b1e</run_address>
         <size>0x6</size>
         <input_file_ref idref="fl-57"/>
      </object_component>
      <object_component id="oc-11d">
         <name>.text:EST_setId_ref_A</name>
         <load_address>0x85b24</load_address>
         <run_address>0x85b24</run_address>
         <size>0x6</size>
         <input_file_ref idref="fl-57"/>
      </object_component>
      <object_component id="oc-11e">
         <name>.text:EST_setIq_ref_A</name>
         <load_address>0x85b2a</load_address>
         <run_address>0x85b2a</run_address>
         <size>0x6</size>
         <input_file_ref idref="fl-57"/>
      </object_component>
      <object_component id="oc-4b2">
         <name>.text:FILTER_FO_setInitialConditions</name>
         <load_address>0x85b30</load_address>
         <run_address>0x85b30</run_address>
         <size>0x6</size>
         <input_file_ref idref="fl-9"/>
      </object_component>
      <object_component id="oc-247">
         <name>.text:VS_FREQ_init</name>
         <load_address>0x85b36</load_address>
         <run_address>0x85b36</run_address>
         <size>0x6</size>
         <input_file_ref idref="fl-7"/>
      </object_component>
      <object_component id="oc-fc">
         <name>.text:decompress:ZI</name>
         <load_address>0x85b3c</load_address>
         <run_address>0x85b3c</run_address>
         <size>0x6</size>
         <input_file_ref idref="fl-7d"/>
      </object_component>
      <object_component id="oc-3ab">
         <name>.text:EST_Edq_setEdq_V</name>
         <load_address>0x85b42</load_address>
         <run_address>0x85b42</run_address>
         <size>0x5</size>
         <input_file_ref idref="fl-5c"/>
      </object_component>
      <object_component id="oc-3b1">
         <name>.text:EST_Flux_dq_setFlux_Wb</name>
         <load_address>0x85b47</load_address>
         <run_address>0x85b47</run_address>
         <size>0x5</size>
         <input_file_ref idref="fl-5e"/>
      </object_component>
      <object_component id="oc-3c4">
         <name>.text:EST_Vab_setVab_V</name>
         <load_address>0x85b4c</load_address>
         <run_address>0x85b4c</run_address>
         <size>0x5</size>
         <input_file_ref idref="fl-69"/>
      </object_component>
      <object_component id="oc-2e2">
         <name>.text:EST_enable</name>
         <load_address>0x85b51</load_address>
         <run_address>0x85b51</run_address>
         <size>0x5</size>
         <input_file_ref idref="fl-57"/>
      </object_component>
      <object_component id="oc-3f0">
         <name>.text:EST_getTrajState</name>
         <load_address>0x85b56</load_address>
         <run_address>0x85b56</run_address>
         <size>0x5</size>
         <input_file_ref idref="fl-57"/>
      </object_component>
      <object_component id="oc-4a6">
         <name>.text:FILTER_FO_setNumCoeffs</name>
         <load_address>0x85b5b</load_address>
         <run_address>0x85b5b</run_address>
         <size>0x5</size>
         <input_file_ref idref="fl-9"/>
      </object_component>
      <object_component id="oc-253">
         <name>.text:CLARKE_init</name>
         <load_address>0x85b60</load_address>
         <run_address>0x85b60</run_address>
         <size>0x4</size>
         <input_file_ref idref="fl-13"/>
      </object_component>
      <object_component id="oc-494">
         <name>.text:EST_Angle_init</name>
         <load_address>0x85b64</load_address>
         <run_address>0x85b64</run_address>
         <size>0x4</size>
         <input_file_ref idref="fl-59"/>
      </object_component>
      <object_component id="oc-496">
         <name>.text:EST_Eab_init</name>
         <load_address>0x85b68</load_address>
         <run_address>0x85b68</run_address>
         <size>0x4</size>
         <input_file_ref idref="fl-5b"/>
      </object_component>
      <object_component id="oc-497">
         <name>.text:EST_Edq_init</name>
         <load_address>0x85b6c</load_address>
         <run_address>0x85b6c</run_address>
         <size>0x4</size>
         <input_file_ref idref="fl-5c"/>
      </object_component>
      <object_component id="oc-49a">
         <name>.text:EST_Flux_dq_init</name>
         <load_address>0x85b70</load_address>
         <run_address>0x85b70</run_address>
         <size>0x4</size>
         <input_file_ref idref="fl-5e"/>
      </object_component>
      <object_component id="oc-49e">
         <name>.text:EST_Ls_init</name>
         <load_address>0x85b74</load_address>
         <run_address>0x85b74</run_address>
         <size>0x4</size>
         <input_file_ref idref="fl-63"/>
      </object_component>
      <object_component id="oc-4a0">
         <name>.text:EST_Rr_init</name>
         <load_address>0x85b78</load_address>
         <run_address>0x85b78</run_address>
         <size>0x4</size>
         <input_file_ref idref="fl-65"/>
      </object_component>
      <object_component id="oc-4a1">
         <name>.text:EST_Rs_init</name>
         <load_address>0x85b7c</load_address>
         <run_address>0x85b7c</run_address>
         <size>0x4</size>
         <input_file_ref idref="fl-67"/>
      </object_component>
      <object_component id="oc-4a4">
         <name>.text:EST_Vab_init</name>
         <load_address>0x85b80</load_address>
         <run_address>0x85b80</run_address>
         <size>0x4</size>
         <input_file_ref idref="fl-69"/>
      </object_component>
      <object_component id="oc-2f2">
         <name>.text:EST_disable</name>
         <load_address>0x85b84</load_address>
         <run_address>0x85b84</run_address>
         <size>0x4</size>
         <input_file_ref idref="fl-57"/>
      </object_component>
      <object_component id="oc-3e2">
         <name>.text:EST_getFlag_bypassLockRotor</name>
         <load_address>0x85b88</load_address>
         <run_address>0x85b88</run_address>
         <size>0x4</size>
         <input_file_ref idref="fl-57"/>
      </object_component>
      <object_component id="oc-3dd">
         <name>.text:EST_getFlag_enable</name>
         <load_address>0x85b8c</load_address>
         <run_address>0x85b8c</run_address>
         <size>0x4</size>
         <input_file_ref idref="fl-57"/>
      </object_component>
      <object_component id="oc-2d4">
[...]
         <value>0x85b88</value>
         <object_component_ref idref="oc-3e2"/>
      </symbol>
      <symbol id="sm-6df">
         <name>EST_getFlux_Wb</name>
         <value>0x8594e</value>
         <object_component_ref idref="oc-3f4"/>
      </symbol>
      <symbol id="sm-6e0">
         <name>EST_setIab_beta_lp</name>
         <value>0x85800</value>
         <object_component_ref idref="oc-3b6"/>
      </symbol>
      <symbol id="sm-6e1">
         <name>EST_setAngle_rad</name>
         <value>0x859f9</value>
         <object_component_ref idref="oc-11c"/>
      </symbol>
      <symbol id="sm-6e2">
         <name>EST_enableTraj</name>
         <value>0x85a14</value>
         <object_component_ref idref="oc-2e3"/>
      </symbol>
      <symbol id="sm-6e3">
         <name>EST_isMotorIdentified</name>
         <value>0x85b9c</value>
         <object_component_ref idref="oc-112"/>
      </symbol>
      <symbol id="sm-6e4">
         <name>EST_getState</name>
         <value>0xb8e2</value>
         <object_component_ref idref="oc-113"/>
      </symbol>
      <symbol id="sm-6e5">
         <name>EST_getFe_rps</name>
         <value>0x85b18</value>
         <object_component_ref idref="oc-4cb"/>
      </symbol>
      <symbol id="sm-6e6">
         <name>EST_setRsOnLineId_mag_A</name>
         <value>0x85a84</value>
         <object_component_ref idref="oc-3eb"/>
      </symbol>
      <symbol id="sm-6e7">
         <name>EST_updateState</name>
         <value>0x83099</value>
         <object_component_ref idref="oc-2ed"/>
      </symbol>
      <symbol id="sm-6e8">
         <name>EST_setNumIsrTicksPerEstTick</name>
         <value>0x85be8</value>
         <object_component_ref idref="oc-3a5"/>
      </symbol>
      <symbol id="sm-6e9">
         <name>est</name>
         <value>0xa000</value>
         <object_component_ref idref="oc-3a3"/>
      </symbol>
      <symbol id="sm-6ea">
         <name>EST_setIdq_beta_lp</name>
         <value>0x85815</value>
         <object_component_ref idref="oc-3b7"/>
      </symbol>
      <symbol id="sm-6eb">
         <name>EST_configureTraj</name>
         <value>0x85ad5</value>
         <object_component_ref idref="oc-2ee"/>
      </symbol>
      <symbol id="sm-6ec">
         <name>EST_runTraj</name>
         <value>0xb8d4</value>
         <object_component_ref idref="oc-117"/>
      </symbol>
      <symbol id="sm-6ed">
         <name>EST_setFlag_enable</name>
         <value>0x85ba4</value>
         <object_component_ref idref="oc-3c8"/>
      </symbol>
      <symbol id="sm-6ee">
         <name>EST_setRsOnLineId_A</name>
         <value>0x85a7c</value>
         <object_component_ref idref="oc-3ec"/>
      </symbol>
      <symbol id="sm-6ef">
         <name>EST_setFlag_bypassLockRotor</name>
         <value>0x85ba0</value>
         <object_component_ref idref="oc-291"/>
      </symbol>
      <symbol id="sm-6f0">
         <name>EST_setFlag_enableRsOnLine</name>
         <value>0x85bb0</value>
         <object_component_ref idref="oc-3ca"/>
      </symbol>
      <symbol id="sm-6f1">
         <name>EST_getRoverL_rps</name>
         <value>0x85b98</value>
         <object_component_ref idref="oc-3f6"/>
      </symbol>
      <symbol id="sm-6f2">
         <name>EST_getFm_lp_Hz</name>
         <value>0x8595c</value>
         <object_component_ref idref="oc-111"/>
      </symbol>
      <symbol id="sm-6f3">
         <name>EST_setVdq_beta_lp</name>
         <value>0x8582a</value>
         <object_component_ref idref="oc-3c6"/>
      </symbol>
      <symbol id="sm-6f4">
         <name>EST_setFlux_ab_betaOmega_der</name>
         <value>0x85654</value>
         <object_component_ref idref="oc-3b0"/>
      </symbol>
      <symbol id="sm-6f5">
         <name>EST_getLs_d_H</name>
         <value>0x85a1c</value>
         <object_component_ref idref="oc-3f2"/>
      </symbol>
      <symbol id="sm-6f6">
         <name>EST_updateTrajState</name>
         <value>0x85af1</value>
         <object_component_ref idref="oc-2eb"/>
      </symbol>
      <symbol id="sm-6f7">
         <name>EST_getFlag_enableRsOnLine</name>
         <value>0x85b90</value>
         <object_component_ref idref="oc-2d4"/>
      </symbol>
      <symbol id="sm-6f8">
         <name>EST_disableTraj</name>
         <value>0x85adc</value>
         <object_component_ref idref="oc-2f3"/>
      </symbol>
      <symbol id="sm-6f9">
         <name>EST_setFlag_enableFluxControl</name>
         <value>0x85ba8</value>
         <object_component_ref idref="oc-3c9"/>
      </symbol>
      <symbol id="sm-6fa">
         <name>EST_doCurrentCtrl</name>
         <value>0xb8b2</value>
         <object_component_ref idref="oc-11b"/>
      </symbol>
      <symbol id="sm-6fb">
         <name>EST_isTrajError</name>
         <value>0x85b1e</value>
         <object_component_ref idref="oc-2ea"/>
      </symbol>
      <symbol id="sm-6fc">
         <name>EST_getTrajState</name>
         <value>0x85b56</value>
         <object_component_ref idref="oc-3f0"/>
      </symbol>
      <symbol id="sm-701">
         <name>USER_setParams_priv</name>
         <value>0x84715</value>
         <object_component_ref idref="oc-22e"/>
      </symbol>
      <symbol id="sm-706">
         <name>EST_Angle_setParams</name>
         <value>0x853f5</value>
         <object_component_ref idref="oc-3a6"/>
      </symbol>
      <symbol id="sm-707">
         <name>EST_Angle_init</name>
         <value>0x85b64</value>
         <object_component_ref idref="oc-494"/>
      </symbol>
      <symbol id="sm-711">
         <name>EST_Dir_resetHpFilters</name>
         <value>0x858e1</value>
         <object_component_ref idref="oc-4c4"/>
      </symbol>
      <symbol id="sm-712">
         <name>EST_Dir_resetLpFilters</name>
         <value>0x855ac</value>
         <object_component_ref idref="oc-4c3"/>
      </symbol>
      <symbol id="sm-713">
         <name>EST_Dir_setParams</name>
         <value>0x859b4</value>
         <object_component_ref idref="oc-3a7"/>
      </symbol>
      <symbol id="sm-714">
         <name>EST_Dir_init</name>
         <value>0x8508e</value>
         <object_component_ref idref="oc-495"/>
      </symbol>
      <symbol id="sm-715">
         <name>EST_Dir_setHpFilterParams</name>
         <value>0x84bb4</value>
         <object_component_ref idref="oc-3a9"/>
      </symbol>
      <symbol id="sm-716">
         <name>EST_Dir_setLpFilterParams</name>
         <value>0x84507</value>
         <object_component_ref idref="oc-3a8"/>
      </symbol>
      <symbol id="sm-71b">
         <name>EST_Eab_setParams</name>
         <value>0x85aa4</value>
         <object_component_ref idref="oc-3aa"/>
      </symbol>
      <symbol id="sm-71c">
         <name>EST_Eab_init</name>
         <value>0x85b68</value>
         <object_component_ref idref="oc-496"/>
      </symbol>
      <symbol id="sm-722">
         <name>EST_Edq_setParams</name>
         <value>0x85b42</value>
         <object_component_ref idref="oc-3ab"/>
      </symbol>
      <symbol id="sm-723">
         <name>EST_Edq_init</name>
         <value>0x85b6c</value>
         <object_component_ref idref="oc-497"/>
      </symbol>
      <symbol id="sm-72b">
         <name>EST_Flux_ab_setDerFilterParams</name>
         <value>0x84bfe</value>
         <object_component_ref idref="oc-4b8"/>
      </symbol>
      <symbol id="sm-72c">
         <name>EST_Flux_ab_setParams</name>
         <value>0x859c9</value>
         <object_component_ref idref="oc-3af"/>
      </symbol>
      <symbol id="sm-72d">
         <name>EST_Flux_ab_resetDerFilters</name>
         <value>0x858f1</value>
         <object_component_ref idref="oc-4c7"/>
      </symbol>
      <symbol id="sm-72e">
         <name>EST_Flux_ab_init</name>
         <value>0x85752</value>
         <object_component_ref idref="oc-499"/>
      </symbol>
      <symbol id="sm-734">
         <name>EST_Flux_dq_setParams</name>
         <value>0x85b47</value>
         <object_component_ref idref="oc-3b1"/>
      </symbol>
      <symbol id="sm-735">
         <name>EST_Flux_dq_init</name>
         <value>0x85b70</value>
         <object_component_ref idref="oc-49a"/>
      </symbol>
      <symbol id="sm-744">
         <name>EST_Flux_updateState</name>
         <value>0x84eaf</value>
         <object_component_ref idref="oc-3e6"/>
      </symbol>
      <symbol id="sm-745">
         <name>EST_Flux_setParams</name>
         <value>0x848c0</value>
         <object_component_ref idref="oc-3ad"/>
      </symbol>
      <symbol id="sm-746">
         <name>EST_Flux_init</name>
         <value>0x85921</value>
         <object_component_ref idref="oc-498"/>
      </symbol>
      <symbol id="sm-747">
         <name>EST_Flux_setWaitTimes</name>
         <value>0x85aab</value>
         <object_component_ref idref="oc-3ae"/>
      </symbol>
      <symbol id="sm-751">
         <name>EST_Freq_resetLpFilter</name>
         <value>0x85ab9</value>
         <object_component_ref idref="oc-4c6"/>
      </symbol>
      <symbol id="sm-752">
         <name>EST_Freq_setDerFilterParams</name>
         <value>0x85258</value>
         <object_component_ref idref="oc-4ba"/>
      </symbol>
      <symbol id="sm-753">
         <name>EST_Freq_setParams</name>
         <value>0x84b66</value>
         <object_component_ref idref="oc-3b2"/>
      </symbol>
      <symbol id="sm-754">
         <name>EST_Freq_setLpFilterParams</name>
         <value>0x85282</value>
         <object_component_ref idref="oc-4b9"/>
      </symbol>
      <symbol id="sm-755">
         <name>EST_Freq_init</name>
         <value>0x85768</value>
         <object_component_ref idref="oc-49b"/>
      </symbol>
      <symbol id="sm-756">
         <name>EST_Freq_resetDerFilter</name>
         <value>0x85ab2</value>
         <object_component_ref idref="oc-4c5"/>
      </symbol>
      <symbol id="sm-760">
         <name>EST_Iab_resetLpFilters</name>
         <value>0x8514e</value>
         <object_component_ref idref="oc-4c8"/>
      </symbol>
      <symbol id="sm-761">
         <name>EST_Iab_setLpFilterParams</name>
         <value>0x84c48</value>
         <object_component_ref idref="oc-4bb"/>
      </symbol>
      <symbol id="sm-762">
         <name>EST_Iab_setParams</name>
         <value>0x85794</value>
         <object_component_ref idref="oc-3b5"/>
      </symbol>
      <symbol id="sm-763">
         <name>EST_Iab_init</name>
         <value>0x8577e</value>
         <object_component_ref idref="oc-49c"/>
      </symbol>
      <symbol id="sm-76d">
         <name>EST_Idq_init</name>
         <value>0x857aa</value>
         <object_component_ref idref="oc-49d"/>
      </symbol>
      <symbol id="sm-76e">
         <name>EST_Idq_resetLpFilters</name>
         <value>0x8541b</value>
         <object_component_ref idref="oc-4c9"/>
      </symbol>
      <symbol id="sm-76f">
         <name>EST_Idq_setParams</name>
         <value>0x85853</value>
         <object_component_ref idref="oc-3b8"/>
      </symbol>
      <symbol id="sm-770">
         <name>EST_Idq_setLpFilterParams</name>
         <value>0x84c92</value>
         <object_component_ref idref="oc-4bc"/>
      </symbol>
      <symbol id="sm-77e">
         <name>EST_Ls_updateState</name>
         <value>0x84f90</value>
         <object_component_ref idref="oc-3e1"/>
      </symbol>
      <symbol id="sm-77f">
         <name>EST_Ls_setParams</name>
         <value>0x84df4</value>
         <object_component_ref idref="oc-3b9"/>
      </symbol>
      <symbol id="sm-780">
         <name>EST_Ls_init</name>
         <value>0x85b74</value>
         <object_component_ref idref="oc-49e"/>
      </symbol>
      <symbol id="sm-781">
         <name>EST_Ls_setWaitTimes</name>
         <value>0x85ac0</value>
         <object_component_ref idref="oc-3ba"/>
      </symbol>
      <symbol id="sm-787">
         <name>EST_OneOverDcBus_setParams</name>
         <value>0x85300</value>
         <object_component_ref idref="oc-3bc"/>
      </symbol>
      <symbol id="sm-788">
         <name>EST_OneOverDcBus_init</name>
         <value>0x85930</value>
         <object_component_ref idref="oc-49f"/>
      </symbol>
      <symbol id="sm-796">
         <name>EST_Rr_updateState</name>
         <value>0x84fc5</value>
         <object_component_ref idref="oc-3e0"/>
      </symbol>
      <symbol id="sm-797">
         <name>EST_Rr_setWaitTimes</name>
         <value>0x85ac7</value>
         <object_component_ref idref="oc-3be"/>
      </symbol>
      <symbol id="sm-798">
         <name>EST_Rr_init</name>
         <value>0x85b78</value>
         <object_component_ref idref="oc-4a0"/>
      </symbol>
      <symbol id="sm-799">
         <name>EST_Rr_setParams</name>
         <value>0x855c8</value>
         <object_component_ref idref="oc-3bd"/>
      </symbol>
      <symbol id="sm-7a2">
         <name>EST_RsOnLine_init</name>
         <value>0x85329</value>
         <object_component_ref idref="oc-4a2"/>
      </symbol>
      <symbol id="sm-7a3">
         <name>EST_RsOnLine_setLpFilterParams</name>
         <value>0x84e72</value>
         <object_component_ref idref="oc-3c2"/>
      </symbol>
      <symbol id="sm-7a4">
         <name>EST_RsOnLine_setParams</name>
         <value>0x84d6e</value>
         <object_component_ref idref="oc-3c1"/>
      </symbol>
      <symbol id="sm-7b2">
         <name>EST_Rs_init</name>
         <value>0x85b7c</value>
         <object_component_ref idref="oc-4a1"/>
      </symbol>
      <symbol id="sm-7b3">
         <name>EST_Rs_updateState</name>
         <value>0x84ff8</value>
         <object_component_ref idref="oc-3e8"/>
      </symbol>
      <symbol id="sm-7b4">
         <name>EST_Rs_setWaitTimes</name>
         <value>0x85ace</value>
         <object_component_ref idref="oc-3c0"/>
      </symbol>
      <symbol id="sm-7b5">
         <name>EST_Rs_setParams</name>
         <value>0x855e4</value>
         <object_component_ref idref="oc-3bf"/>
      </symbol>
      <symbol id="sm-7e0">
         <name>EST_Traj_isError</name>
         <value>0x85b12</value>
         <object_component_ref idref="oc-3db"/>
      </symbol>
      <symbol id="sm-7e1">
         <name>EST_Traj_init</name>
         <value>0x85600</value>
         <object_component_ref idref="oc-4a3"/>
      </symbol>
      <symbol id="sm-7e2">
         <name>EST_Traj_reset</name>
         <value>0x85723</value>
         <object_component_ref idref="oc-4c2"/>
      </symbol>
      <symbol id="sm-7e3">
         <name>EST_Traj_configure</name>
         <value>0x83d6b</value>
         <object_component_ref idref="oc-3ea"/>
      </symbol>
      <symbol id="sm-7e4">
         <name>EST_Traj_updateState</name>
         <value>0x8491c</value>
         <object_component_ref idref="oc-3dc"/>
      </symbol>
      <symbol id="sm-7e5">
         <name>EST_Traj_run</name>
         <value>0xb800</value>
         <object_component_ref idref="oc-1d8"/>
      </symbol>
      <symbol id="sm-7e6">
         <name>EST_Traj_setParams</name>
         <value>0x843bc</value>
         <object_component_ref idref="oc-3c3"/>
      </symbol>
      <symbol id="sm-7ec">
         <name>EST_Vab_init</name>
         <value>0x85b80</value>
         <object_component_ref idref="oc-4a4"/>
      </symbol>
      <symbol id="sm-7ed">
         <name>EST_Vab_setParams</name>
         <value>0x85b4c</value>
         <object_component_ref idref="oc-3c4"/>
      </symbol>
      <symbol id="sm-7f7">
         <name>EST_Vdq_setLpFilterParams</name>
         <value>0x84cdc</value>
         <object_component_ref idref="oc-4be"/>
      </symbol>
      <symbol id="sm-7f8">
         <name>EST_Vdq_init</name>
         <value>0x857c0</value>
         <object_component_ref idref="oc-4a5"/>
      </symbol>
      <symbol id="sm-7f9">
         <name>EST_Vdq_resetLpFilters</name>
         <value>0x852ac</value>
         <object_component_ref idref="oc-4ca"/>
      </symbol>
      <symbol id="sm-7fa">
         <name>EST_Vdq_setParams</name>
         <value>0x85879</value>
         <object_component_ref idref="oc-3c5"/>
      </symbol>
      <symbol id="sm-7ff">
         <name>INVERSE_setParams</name>
         <value>0x85a02</value>
         <object_component_ref idref="oc-4bd"/>
      </symbol>
      <symbol id="sm-800">
         <name>INVERSE_init</name>
         <value>0x85bc4</value>
         <object_component_ref idref="oc-517"/>
      </symbol>
      <symbol id="sm-80b">
         <name>_c_int00</name>
         <value>0x8573b</value>
         <object_component_ref idref="oc-1ca"/>
      </symbol>
      <symbol id="sm-80c">
         <name>__stack</name>
         <value>0x128</value>
         <object_component_ref idref="oc-eb"/>
      </symbol>
      <symbol id="sm-81f">
         <name>memcpy</name>
         <value>0x8558f</value>
         <object_component_ref idref="oc-ee"/>
      </symbol>
      <symbol id="sm-82c">
         <name>_system_pre_init</name>
         <value>0x85bf1</value>
         <object_component_ref idref="oc-312"/>
      </symbol>
      <symbol id="sm-83b">
         <name>__TI_auto_init_nobinit_nopinit</name>
         <value>0x8522d</value>
         <object_component_ref idref="oc-3ff"/>
      </symbol>
      <symbol id="sm-848">
         <name>__TI_zero_init</name>
         <value>0x85b3c</value>
         <object_component_ref idref="oc-fc"/>
      </symbol>
      <symbol id="sm-855">
         <name>__TI_decompress_none</name>
         <value>0x85a94</value>
         <object_component_ref idref="oc-8e"/>
      </symbol>
      <symbol id="sm-869">
         <name>__TI_decompress_lzss</name>
         <value>0x850ef</value>
         <object_component_ref idref="oc-88"/>
      </symbol>
      <symbol id="sm-87f">
         <name>C$$EXIT</name>
         <value>0x853a4</value>
         <object_component_ref idref="oc-31f"/>
      </symbol>
      <symbol id="sm-880">
         <name>abort</name>
         <value>0x853a4</value>
         <object_component_ref idref="oc-31f"/>
      </symbol>
      <symbol id="sm-881">
         <name>exit</name>
         <value>0x853a6</value>
         <object_component_ref idref="oc-31f"/>
      </symbol>
      <symbol id="sm-882">
         <name>__TI_dtors_ptr</name>
         <value>0x526</value>
         <object_component_ref idref="oc-431"/>
      </symbol>
      <symbol id="sm-883">
         <name>__TI_cleanup_ptr</name>
         <value>0x524</value>
         <object_component_ref idref="oc-431"/>
      </symbol>
      <symbol id="sm-884">
         <name>__TI_enable_exit_profile_output</name>
         <value>0x522</value>
         <object_component_ref idref="oc-431"/>
      </symbol>
      <symbol id="sm-89b">
         <name>_nop</name>
         <value>0x85a13</value>
         <object_component_ref idref="oc-4e9"/>
      </symbol>
      <symbol id="sm-89c">
         <name>_lock</name>
         <value>0x528</value>
         <object_component_ref idref="oc-434"/>
      </symbol>
      <symbol id="sm-89d">
         <name>_unlock</name>
         <value>0x52a</value>
         <object_component_ref idref="oc-526"/>
      </symbol>
      <symbol id="sm-89e">
         <name>_register_lock</name>
         <value>0x85a0f</value>
         <object_component_ref idref="oc-4e9"/>
      </symbol>
      <symbol id="sm-89f">
         <name>_register_unlock</name>
         <value>0x85a0b</value>
         <object_component_ref idref="oc-4e9"/>
      </symbol>
      <symbol id="sm-8ae">
         <name>_args_main</name>
         <value>0x859a8</value>
         <object_component_ref idref="oc-319"/>
      </symbol>
      <symbol id="sm-8bd">
         <name>memset</name>
         <value>0x85aff</value>
         <object_component_ref idref="oc-1c3"/>
      </symbol>
      <symbol id="sm-8cb">
         <name>_system_post_cinit</name>
         <value>0x83f87</value>
         <object_component_ref idref="oc-4cf"/>
      </symbol>
      <symbol id="sm-8cd">
         <name>__c_args__</name>
         <value>0x0</value>
      </symbol>
   </symbol_table>
   <title>Link successful</title>
</link_info>
