******************************************************************************
             TMS320C2000 Linker PC v22.6.1                     
******************************************************************************
>> Linked Tue Jun 25 16:36:40 2024

OUTPUT FILE NAME:   <universal_motorcontrol_lab_f28002x.out>
ENTRY POINT SYMBOL: "code_start"  address: 00080000


MEMORY CONFIGURATION

         name            origin    length      used     unused   attr    fill
----------------------  --------  ---------  --------  --------  ----  --------
  RAMM0S                00000128   00000158  00000100  00000058  RWIX
  RAMM1D                00000280   00000578  00000406  00000172  RWIX
  ADCARESULT            00000b00   00000018  00000000  00000018  RWIX
  ADCCRESULT            00000b40   00000018  00000000  00000018  RWIX
  CPUTIMER0             00000c00   00000008  00000000  00000008  RWIX
  CPUTIMER1             00000c08   00000008  00000000  00000008  RWIX
  CPUTIMER2             00000c10   00000008  00000000  00000008  RWIX
  PIECTRL               00000ce0   0000001a  00000000  0000001a  RWIX
  PIEVECTTABLE          00000d00   00000200  00000000  00000200  RWIX
  DMA                   00001000   00000200  00000000  00000200  RWIX
  CLB1LOGICCFG          00003000   00000052  00000000  00000052  RWIX
  CLB1LOGICCTRL         00003100   00000040  00000000  00000040  RWIX
  CLB1DATAEXCH          00003180   00000080  00000000  00000080  RWIX
  CLB2LOGICCFG          00003400   00000052  00000000  00000052  RWIX
  CLB2LOGICCTRL         00003500   00000040  00000000  00000040  RWIX
  CLB2DATAEXCH          00003580   00000080  00000000  00000080  RWIX
  EPWM1                 00004000   00000100  00000000  00000100  RWIX
  EPWM2                 00004100   00000100  00000000  00000100  RWIX
  EPWM3                 00004200   00000100  00000000  00000100  RWIX
  EPWM4                 00004300   00000100  00000000  00000100  RWIX
  EPWM5                 00004400   00000100  00000000  00000100  RWIX
  EPWM6                 00004500   00000100  00000000  00000100  RWIX
  EPWM7                 00004600   00000100  00000000  00000100  RWIX
  EQEP1                 00005100   00000040  00000000  00000040  RWIX
  EQEP2                 00005140   00000040  00000000  00000040  RWIX
  ECAP1                 00005200   00000020  00000000  00000020  RWIX
  ECAP2                 00005240   00000020  00000000  00000020  RWIX
  ECAP3                 00005280   00000020  00000000  00000020  RWIX
  HRCAP3                000052a0   00000020  00000000  00000020  RWIX
  CMPSS1                00005c80   00000020  00000000  00000020  RWIX
  CMPSS2                00005ca0   00000020  00000000  00000020  RWIX
  CMPSS3                00005cc0   00000020  00000000  00000020  RWIX
  CMPSS4                00005ce0   00000020  00000000  00000020  RWIX
  SPIA                  00006100   00000010  00000000  00000010  RWIX
  SPIB                  00006110   00000010  00000000  00000010  RWIX
  BGCRCCPU              00006340   00000040  00000000  00000040  RWIX
  PMBUSA                00006400   00000020  00000000  00000020  RWIX
  HIC                   00006500   00000080  00000000  00000080  RWIX
  FSITXA                00006600   00000050  00000000  00000050  RWIX
  FSIRXA                00006680   00000050  00000000  00000050  RWIX
  LINA                  00006a00   000000ec  00000000  000000ec  RWIX
  LINB                  00006b00   000000ec  00000000  000000ec  RWIX
  WD                    00007000   0000002c  00000000  0000002c  RWIX
  NMIINTRUPT            00007060   00000010  00000000  00000010  RWIX
  XINT                  00007070   0000000c  00000000  0000000c  RWIX
  SCIA                  00007200   00000010  00000000  00000010  RWIX
  I2CA                  00007300   00000022  00000000  00000022  RWIX
  I2CB                  00007340   00000022  00000000  00000022  RWIX
  ADCA                  00007400   00000080  00000000  00000080  RWIX
  ADCC                  00007500   00000080  00000000  00000080  RWIX
  INPUTXBAR             00007900   00000020  00000000  00000020  RWIX
  XBAR                  00007920   00000020  00000000  00000020  RWIX
  SYNCSOC               00007940   00000006  00000000  00000006  RWIX
  CLBINPUTXBAR          00007960   00000020  00000000  00000020  RWIX
  DMACLASRCSEL          00007980   0000001a  00000000  0000001a  RWIX
  EPWMXBAR              00007a00   00000040  00000000  00000040  RWIX
  CLBXBAR               00007a40   00000040  00000000  00000040  RWIX
  OUTPUTXBAR            00007a80   00000040  00000000  00000040  RWIX
  CLBOUTPUTXBAR         00007bc0   00000040  00000000  00000040  RWIX
  GPIOCTRL              00007c00   00000200  00000000  00000200  RWIX
  GPIODATA              00007f00   00000040  00000000  00000040  RWIX
  GPIODATAREAD          00007f80   00000010  00000000  00000010  RWIX
  RAMLS4                0000a000   00000800  000005a8  00000258  RWIX
  RAMLS567              0000a800   00001800  000010e4  0000071c  RWIX
  RAMGS0                0000c000   000007f8  00000000  000007f8  RWIX
  CANA                  00048000   00000200  00000000  00000200  RWIX
  DEVCFG                0005d000   000001ac  00000000  000001ac  RWIX
  CLKCFG                0005d200   00000100  00000000  00000100  RWIX
  CPUSYS                0005d300   000000a0  00000000  000000a0  RWIX
  SYSPERIPHAC           0005d500   00000200  00000000  00000200  RWIX
  ANALOGSUBSYS          0005d700   00000100  00000000  00000100  RWIX
  DCC0                  0005e700   00000038  00000000  00000038  RWIX
  DCC1                  0005e740   00000038  00000000  00000038  RWIX
  ERADGLOBAL            0005e800   00000014  00000000  00000014  RWIX
  ERADHWBP1             0005e900   00000008  00000000  00000008  RWIX
  ERADHWBP2             0005e908   00000008  00000000  00000008  RWIX
  ERADHWBP3             0005e910   00000008  00000000  00000008  RWIX
  ERADHWBP4             0005e918   00000008  00000000  00000008  RWIX
  ERADHWBP5             0005e920   00000008  00000000  00000008  RWIX
  ERADHWBP6             0005e928   00000008  00000000  00000008  RWIX
  ERADHWBP7             0005e930   00000008  00000000  00000008  RWIX
  ERADHWBP8             0005e938   00000008  00000000  00000008  RWIX
  ERADCOUNTER1          0005e980   00000010  00000000  00000010  RWIX
  ERADCOUNTER2          0005e990   00000010  00000000  00000010  RWIX
  ERADCOUNTER3          0005e9a0   00000010  00000000  00000010  RWIX
  ERADCOUNTER4          0005e9b0   00000010  00000000  00000010  RWIX
  ERADCRCGLOBAL         0005ea00   00000010  00000000  00000010  RWIX
  ERADCRC1              0005ea10   00000010  00000000  00000010  RWIX
  ERADCRC2              0005ea20   00000010  00000000  00000010  RWIX
  ERADCRC3              0005ea30   00000010  00000000  00000010  RWIX
  ERADCRC4              0005ea40   00000010  00000000  00000010  RWIX
  ERADCRC5              0005ea50   00000010  00000000  00000010  RWIX
  ERADCRC6              0005ea60   00000010  00000000  00000010  RWIX
  ERADCRC7              0005ea70   00000010  00000000  00000010  RWIX
  ERADCRC8              0005ea80   00000010  00000000  00000010  RWIX
  DCSMBANK0Z1           0005f000   00000024  00000000  00000024  RWIX
  DCSMBANK0Z2           0005f040   00000024  00000000  00000024  RWIX
  DCSMCOMMON            0005f070   00000010  00000000  00000010  RWIX
  MEMCFG                0005f400   000000c0  00000000  000000c0  RWIX
  ACCESSPROTECTION      0005f500   0000003e  00000000  0000003e  RWIX
  MEMORYERROR           0005f540   00000040  00000000  00000040  RWIX
  FLASH0CTRL            0005f800   00000182  00000000  00000182  RWIX
  FLASH0ECC             0005fb00   00000028  00000000  00000028  RWIX
  FLASHBANK0_BOOT       00080000   00001000  00000002  00000ffe  RWIX
  FLASHBANK0_CODE       00081000   0000d000  00004c39  000083c7  RWIX
  FLASHBANK0_DATA       0008e000   00001000  0000003c  00000fc4  RWIX
  FLASHBANK0_PRMS       0008f000   00000ff0  00000000  00000ff0  RWIX
  RESET                 003fffc0   00000002  00000000  00000002  RWIX


SECTION ALLOCATION MAP

 output                                  attributes/
section   page    origin      length       input sections
--------  ----  ----------  ----------   ----------------
.reset     0    003fffc0    00000000     DSECT

.stack     0    00000128    00000100     UNINITIALIZED
                  00000128    00000100     --HOLE--

foc_data   0    00000280    000002a2     UNINITIALIZED
                  00000280    000002a2     motor1_drive.obj (foc_data)

.data      0    00000522    0000000a     UNINITIALIZED
                  00000522    00000006     rts2800_fpu32_eabi.lib : exit.c.obj (.data)
                  00000528    00000002                            : _lock.c.obj (.data:_lock)
                  0000052a    00000002                            : _lock.c.obj (.data:_unlock)

user_data 
*          0    00000540    00000102     UNINITIALIZED
                  00000540    00000102     user_mtr1.obj (user_data)

sys_data   0    00000642    00000032     UNINITIALIZED
                  00000642    00000032     sys_main.obj (sys_data)

hal_data   0    00000680    00000026     UNINITIALIZED
                  00000680    00000026     hal.obj (hal_data)

ctrlfuncs 
*          0    0000a800    00000000     UNINITIALIZED

codestart 
*          0    00080000    00000002     
                  00080000    00000002     f28002x_codestartbranch.obj (codestart)

.TI.ramfunc 
*          0    00081000    000010e4     RUN ADDR = 0000a800
                  00081000    0000072e     fast_full_lib_eabi.lib : est_flib_priv.obj (.TI.ramfunc:EST_runEst)
                  0008172e    0000058c     motor1_drive.obj (.TI.ramfunc:motor1CtrlISR)
                  00081cba    00000213     fast_full_lib_eabi.lib : est_all_identify_flib_priv.obj (.TI.ramfunc:EST_configureTrajState)
                  00081ecd    000000b4                            : est_flib_priv.obj (.TI.ramfunc:EST_run)
                  00081f81    0000007f                            : est_all_run_flib_priv.obj (.TI.ramfunc:EST_setupTrajState)
                  00082000    0000005d                            : est_Traj_flib_priv.obj (.TI.ramfunc:EST_Traj_run)
                  0008205d    0000003f     flash.obj (.TI.ramfunc:Flash_initModule)
                  0008209c    00000016     fast_full_lib_eabi.lib : est_flib_priv.obj (.TI.ramfunc:EST_doSpeedCtrl)
                  000820b2    0000000a                            : est_flib_priv.obj (.TI.ramfunc:EST_doCurrentCtrl)
                  000820bc    00000009                            : est_flib_priv.obj (.TI.ramfunc:EST_getIntValue_spd_Hz)
                  000820c5    00000008                            : est_flib_priv.obj (.TI.ramfunc:EST_getIdRated_A)
                  000820cd    00000007                            : est_flib_priv.obj (.TI.ramfunc:EST_getIntValue_Id_A)
                  000820d4    00000006                            : est_flib_priv.obj (.TI.ramfunc:EST_runTraj)
                  000820da    00000004                            : est_flib_priv.obj (.TI.ramfunc:EST_isEnabled)
                  000820de    00000004     sysctl.obj (.TI.ramfunc)
                  000820e2    00000002     fast_full_lib_eabi.lib : est_flib_priv.obj (.TI.ramfunc:EST_getState)

ramfuncs   0    000820e4    00000000     UNINITIALIZEDRUN ADDR = 0000b8e4

dclfuncs   0    000820e4    00000000     UNINITIALIZEDRUN ADDR = 0000b8e4

dcl32funcs 
*          0    000820e4    00000000     UNINITIALIZEDRUN ADDR = 0000b8e4

.text      0    000820e8    00003b09     
                  000820e8    00000408     fast_full_lib_eabi.lib : est_flib_priv.obj (.text:EST_setParams)
                  000824f0    00000347     motor1_drive.obj (.text:runMotor1OffsetsCalculation)
                  00082837    000002f6     motor1_drive.obj (.text:initMotor1CtrlParameters)
                  00082b2d    000002ba     hal.obj (.text:HAL_setupGPIOs)
                  00082de7    000002b2     motor1_drive.obj (.text:runMotor1Control)
                  00083099    00000284     fast_full_lib_eabi.lib : est_flib_priv.obj (.text:EST_updateState)
                  0008331d    0000025b     user_mtr1.obj (.text:USER_setMotor1Params)
                  00083578    000001e3     motor_common.obj (.text:runMotorMonitor)
                  0008375b    000001c3     sys_main.obj (.text:main)
                  0008391e    000001be     fast_full_lib_eabi.lib : est_flib_priv.obj (.text:EST_reset)
                  00083adc    0000015f     hal.obj (.text:HAL_setupPWMs)
                  00083c3b    0000012e     sysctl.obj (.text:SysCtl_setClock)
                  00083d69    0000010f     fast_full_lib_eabi.lib : est_Traj_flib_priv.obj (.text:EST_Traj_configure)
                  00083e78    0000010d     motor_common.obj (.text:setupControllers)
                  00083f85    00000001     rts2800_fpu32_eabi.lib : startup.c.obj (.text)
                  00083f86    000000fa     hal.obj (.text:HAL_setupMtrFaults)
                  00084080    000000da     sysctl.obj (.text:SysCtl_isPLLValid)
                  0008415a    000000d6     motor_common.obj (.text:updateGlobalVariables)
                  00084230    000000c6     hal.obj (.text:HAL_setupADCs)
                  000842f6    000000c4     fast_full_lib_eabi.lib : est_flib_priv.obj (.text:EST_init)
                  000843ba    000000ab                            : est_Traj_flib_priv.obj (.text:EST_Traj_setParams)
                  00084465    000000a0     device.obj (.text:Device_enableAllPeripherals)
                  00084505    00000086     fast_full_lib_eabi.lib : est_Dir_flib_priv.obj (.text:EST_Dir_setLpFilterParams)
                  0008458b    00000086     motor_common.obj (.text:calculateRMSData)
                  00084611    00000086     motor_common.obj (.text:resetMotorControl)
                  00084697    0000007c     hal.obj (.text:HAL_setupCMPSSs)
                  00084713    00000077     fast_full_lib_eabi.lib : user_flib_priv.obj (.text:USER_setParams_priv)
                  0008478a    00000071     hal.obj (.text:HAL_setupI2CA)
                  000847fb    00000062     sysctl.obj (.text:SysCtl_pollX1Counter)
                  0008485d    00000061     motor_common.obj (.text:runRsOnLine)
                  000848be    0000005c     fast_full_lib_eabi.lib : est_Flux_flib_priv.obj (.text:EST_Flux_setParams)
                  0008491a    00000059                            : est_Traj_flib_priv.obj (.text:EST_Traj_updateState)
                  00084973    00000058     i2c.obj (.text:I2C_initController)
                  000849cb    00000056     dac128s085.obj (.text:DAC128S_writeData)
                  00084a21    00000053     motor_common.obj (.text:collectRMSData)
                  00084a74    00000052     hal.obj (.text:HAL_setupSCIA)
                  00084ac6    0000004f     dac128s085.obj (.text:DAC128S_setupSPI)
                  00084b15    0000004f     motor_common.obj (.text:restartMotorControl)
                  00084b64    0000004e     fast_full_lib_eabi.lib : est_Freq_flib_priv.obj (.text:EST_Freq_setParams)
                  00084bb2    0000004a                            : est_Dir_flib_priv.obj (.text:EST_Dir_setHpFilterParams)
                  00084bfc    0000004a                            : est_Flux_ab_flib_priv.obj (.text:EST_Flux_ab_setDerFilterParams)
                  00084c46    0000004a                            : est_Iab_flib_priv.obj (.text:EST_Iab_setLpFilterParams)
                  00084c90    0000004a                            : est_Idq_flib_priv.obj (.text:EST_Idq_setLpFilterParams)
                  00084cda    0000004a                            : est_Vdq_flib_priv.obj (.text:EST_Vdq_setLpFilterParams)
                  00084d24    00000048     sysctl.obj (.text:SysCtl_selectXTAL)
                  00084d6c    00000045     fast_full_lib_eabi.lib : est_RsOnLine_flib_priv.obj (.text:EST_RsOnLine_setParams)
                  00084db1    00000041     interrupt.obj (.text:Interrupt_initModule)
                  00084df2    0000003f     fast_full_lib_eabi.lib : est_Ls_flib_priv.obj (.text:EST_Ls_setParams)
                  00084e31    0000003f     gpio.obj (.text:GPIO_setPadConfig)
                  00084e70    0000003d     fast_full_lib_eabi.lib : est_RsOnLine_flib_priv.obj (.text:EST_RsOnLine_setLpFilterParams)
                  00084ead    0000003a                            : est_Flux_flib_priv.obj (.text:EST_Flux_updateState)
                  00084ee7    0000003a     vs_freq.obj (.text:VS_FREQ_setProfile)
                  00084f21    00000037     device.obj (.text:Device_init)
                  00084f58    00000036     interrupt.obj (.text:Interrupt_enable)
                  00084f8e    00000035     fast_full_lib_eabi.lib : est_Ls_flib_priv.obj (.text:EST_Ls_updateState)
                  00084fc3    00000033                            : est_Rr_flib_priv.obj (.text:EST_Rr_updateState)
                  00084ff6    00000033                            : est_Rs_flib_priv.obj (.text:EST_Rs_updateState)
                  00085029    00000032     hal.obj (.text:HAL_enableDRV)
                  0008505b    00000031     dac128s085.obj (.text:DAC128S_writeCommand)
                  0008508c    00000031     fast_full_lib_eabi.lib : est_Dir_flib_priv.obj (.text:EST_Dir_init)
                  000850bd    00000030     gpio.obj (.text:GPIO_setPinConfig)
                  000850ed    00000030     rts2800_fpu32_eabi.lib : copy_decompress_lzss.c.obj (.text:decompress:lzss)
                  0008511d    0000002f     motor_common.obj (.text:calcMotorOverCurrentThreshold)
                  0008514c    0000002e     fast_full_lib_eabi.lib : est_Iab_flib_priv.obj (.text:EST_Iab_resetLpFilters)
                  0008517a    0000002e     hal.obj (.text:HAL_MTR1_init)
                  000851a8    0000002d     hal.obj (.text:HAL_init)
                  000851d5    0000002b     sci.obj (.text:SCI_setConfig)
                  00085200    0000002b     xbar.obj (.text:XBAR_setEPWMMuxConfig)
                  0008522b    0000002b     rts2800_fpu32_eabi.lib : autoinit.c.obj (.text:__TI_auto_init_nobinit_nopinit)
                  00085256    0000002a     fast_full_lib_eabi.lib : est_Freq_flib_priv.obj (.text:EST_Freq_setDerFilterParams)
                  00085280    0000002a                            : est_Freq_flib_priv.obj (.text:EST_Freq_setLpFilterParams)
                  000852aa    0000002a                            : est_Vdq_flib_priv.obj (.text:EST_Vdq_resetLpFilters)
                  000852d4    0000002a     hal.obj (.text:HAL_setupTimeBaseTimer)
                  000852fe    00000029     fast_full_lib_eabi.lib : est_OneOverDcBus_flib_priv.obj (.text:EST_OneOverDcBus_setParams)
                  00085327    00000029                            : est_RsOnLine_flib_priv.obj (.text:EST_RsOnLine_init)
                  00085350    00000029                            : est_flib_priv.obj (.text:EST_setFluxBeta_lp)
                  00085379    00000029     hal.obj (.text:HAL_MTR_setParams)
                  000853a2    00000029     rts2800_fpu32_eabi.lib : exit.c.obj (.text)
                  000853cb    00000028     fast_full_lib_eabi.lib : est_flib_priv.obj (.text:EST_computeTorque_Nm)
                  000853f3    00000026                            : est_Angle_flib_priv.obj (.text:EST_Angle_setParams)
                  00085419    00000026                            : est_Idq_flib_priv.obj (.text:EST_Idq_resetLpFilters)
                  0008543f    00000026     spi.obj (.text:SPI_setConfig)
                  00085465    00000026     sysctl.obj (.text:SysCtl_selectOscSource)
                  0008548b    00000024     hal.obj (.text:HAL_setParams)
                  000854af    00000022     gpio.obj (.text:GPIO_setQualificationMode)
                  000854d1    00000022     sysctl.obj (.text:SysCtl_selectXTALSingleEnded)
                  000854f3    00000020     gpio.obj (.text:GPIO_setDirectionMode)
                  00085513    00000020     hal.obj (.text:HAL_setTriggerPrams)
                  00085533    0000001e     fast_full_lib_eabi.lib : est_flib_priv.obj (.text:EST_computeLmag_H)
                  00085551    0000001e     spi.obj (.text:SPI_clearInterruptStatus)
                  0008556f    00000001     --HOLE-- [fill = 0]
                  00085570    0000001d     interrupt.obj (.text:Interrupt_initVectorTable)
                  0008558d    0000001d     rts2800_fpu32_eabi.lib : memcpy.c.obj (.text)
                  000855aa    0000001c     fast_full_lib_eabi.lib : est_Dir_flib_priv.obj (.text:EST_Dir_resetLpFilters)
                  000855c6    0000001c                            : est_Rr_flib_priv.obj (.text:EST_Rr_setParams)
                  000855e2    0000001c                            : est_Rs_flib_priv.obj (.text:EST_Rs_setParams)
                  000855fe    0000001c                            : est_Traj_flib_priv.obj (.text:EST_Traj_init)
                  0008561a    0000001c                            : est_flib_priv.obj (.text:EST_setFreqBetaOmega_der)
                  00085636    0000001c     sci.obj (.text:SCI_clearInterruptStatus)
                  00085652    0000001b     fast_full_lib_eabi.lib : est_flib_priv.obj (.text:EST_setFlux_ab_betaOmega_der)
                  0008566d    0000001b     gpio.obj (.text:GPIO_setQualificationPeriod)
                  00085688    0000001b     hal.obj (.text:HAL_setupCPUUsageTimer)
                  000856a3    0000001a     motor1_drive.obj (.text:initMotor1Handles)
                  000856bd    00000019     adc.obj (.text:ADC_setVREF)
                  000856d6    00000019     cmpss.obj (.text:CMPSS_configFilterHigh)
                  000856ef    00000019     cmpss.obj (.text:CMPSS_configFilterLow)
                  00085708    00000019     motor_common.obj (.text:setupClarke_I)
                  00085721    00000018     fast_full_lib_eabi.lib : est_Traj_flib_priv.obj (.text:EST_Traj_reset)
                  00085739    00000017     rts2800_fpu32_eabi.lib : boot28.asm.obj (.text)
                  00085750    00000016     fast_full_lib_eabi.lib : est_Flux_ab_flib_priv.obj (.text:EST_Flux_ab_init)
                  00085766    00000016                            : est_Freq_flib_priv.obj (.text:EST_Freq_init)
                  0008577c    00000016                            : est_Iab_flib_priv.obj (.text:EST_Iab_init)
                  00085792    00000016                            : est_Iab_flib_priv.obj (.text:EST_Iab_setParams)
                  000857a8    00000016                            : est_Idq_flib_priv.obj (.text:EST_Idq_init)
                  000857be    00000016                            : est_Vdq_flib_priv.obj (.text:EST_Vdq_init)
                  000857d4    00000015     adc.obj (.text:ADC_setOffsetTrimAll)
                  000857e9    00000015     fast_full_lib_eabi.lib : est_flib_priv.obj (.text:EST_setFreqBeta_lp)
                  000857fe    00000015                            : est_flib_priv.obj (.text:EST_setIab_beta_lp)
                  00085813    00000015                            : est_flib_priv.obj (.text:EST_setIdq_beta_lp)
                  00085828    00000015                            : est_flib_priv.obj (.text:EST_setVdq_beta_lp)
                  0008583d    00000014     motor_common.obj (.text:setupClarke_V)
                  00085851    00000013     fast_full_lib_eabi.lib : est_Idq_flib_priv.obj (.text:EST_Idq_setParams)
                  00085864    00000013     i2c.obj (.text:I2C_enableInterrupt)
                  00085877    00000012     fast_full_lib_eabi.lib : est_Vdq_flib_priv.obj (.text:EST_Vdq_setParams)
                  00085889    00000012                            : est_flib_priv.obj (.text:EST_initEst)
                  0008589b    00000012     hal.obj (.text:HAL_setMtrCMPSSDACValue)
                  000858ad    00000011     i2c.obj (.text:I2C_clearInterruptStatus)
                  000858be    00000011     communication.obj (.text:canaISR)
                  000858cf    00000010     device.obj (.text:Device_initGPIO)
                  000858df    00000010     fast_full_lib_eabi.lib : est_Dir_flib_priv.obj (.text:EST_Dir_resetHpFilters)
                  000858ef    00000010                            : est_Flux_ab_flib_priv.obj (.text:EST_Flux_ab_resetDerFilters)
                  000858ff    00000010     hal.obj (.text:HAL_MTR_setGateDriver)
                  0008590f    00000010     motor_common.obj (.text:stopMotorControl)
                  0008591f    0000000f     fast_full_lib_eabi.lib : est_Flux_flib_priv.obj (.text:EST_Flux_init)
                  0008592e    0000000f                            : est_OneOverDcBus_flib_priv.obj (.text:EST_OneOverDcBus_init)
                  0008593d    0000000f                            : est_all_setup_flib_priv.obj (.text:EST_setFreqLFP_sf)
                  0008594c    0000000e                            : est_flib_priv.obj (.text:EST_getFlux_Wb)
                  0008595a    0000000e                            : est_flib_priv.obj (.text:EST_getFm_lp_Hz)
                  00085968    0000000d     angle_gen.obj (.text:ANGLE_GEN_setParams)
                  00085975    0000000d     hal.obj (.text:HAL_enableCtrlInts)
                  00085982    0000000c     fast_full_lib_eabi.lib : est_all_setup_flib_priv.obj (.text:EST_setBemf_sf)
                  0008598e    0000000c                            : est_all_setup_flib_priv.obj (.text:EST_setOneOverFluxGain_sf)
                  0008599a    0000000c     interrupt.obj (.text:Interrupt_defaultHandler)
                  000859a6    0000000c     rts2800_fpu32_eabi.lib : args_main.c.obj (.text)
                  000859b2    0000000b     fast_full_lib_eabi.lib : est_Dir_flib_priv.obj (.text:EST_Dir_setParams)
                  000859bd    0000000a     dac128s085.obj (.text:DAC128S_init)
                  000859c7    0000000a     fast_full_lib_eabi.lib : est_Flux_ab_flib_priv.obj (.text:EST_Flux_ab_setParams)
                  000859d1    0000000a     interrupt.obj (.text:Interrupt_illegalOperationHandler)
                  000859db    0000000a     interrupt.obj (.text:Interrupt_nmiHandler)
                  000859e5    00000009     epwm.obj (.text:EPWM_setEmulationMode)
                  000859ee    00000009     fast_full_lib_eabi.lib : est_flib_priv.obj (.text:EST_computePower_W)
                  000859f7    00000009                            : est_flib_priv.obj (.text:EST_setAngle_rad)
                  00085a00    00000009                            : inverse_flib_priv.obj (.text:INVERSE_setParams)
                  00085a09    00000009     rts2800_fpu32_eabi.lib : _lock.c.obj (.text)
                  00085a12    00000008     fast_full_lib_eabi.lib : est_flib_priv.obj (.text:EST_enableTraj)
                  00085a1a    00000008                            : est_flib_priv.obj (.text:EST_getLs_d_H)
                  00085a22    00000008                            : est_flib_priv.obj (.text:EST_getLs_q_H)
                  00085a2a    00000008                            : est_flib_priv.obj (.text:EST_getRr_Ohm)
                  00085a32    00000008                            : est_flib_priv.obj (.text:EST_getRsOnLine_Ohm)
                  00085a3a    00000008                            : est_flib_priv.obj (.text:EST_getRs_Ohm)
                  00085a42    00000008                            : est_flib_priv.obj (.text:EST_isError)
                  00085a4a    00000008                            : est_flib_priv.obj (.text:EST_isIdle)
                  00085a52    00000008                            : est_flib_priv.obj (.text:EST_isLockRotor)
                  00085a5a    00000008                            : est_flib_priv.obj (.text:EST_setFlag_enablePowerWarp)
                  00085a62    00000008                            : est_flib_priv.obj (.text:EST_setLs_d_H)
                  00085a6a    00000008                            : est_flib_priv.obj (.text:EST_setLs_q_H)
                  00085a72    00000008                            : est_flib_priv.obj (.text:EST_setRr_Ohm)
                  00085a7a    00000008                            : est_flib_priv.obj (.text:EST_setRsOnLineId_A)
                  00085a82    00000008                            : est_flib_priv.obj (.text:EST_setRsOnLineId_mag_A)
                  00085a8a    00000008                            : est_flib_priv.obj (.text:EST_setRsOnLine_Ohm)
                  00085a92    00000008     rts2800_fpu32_eabi.lib : copy_decompress_none.c.obj (.text:decompress:none)
                  00085a9a    00000008     f28002x_codestartbranch.obj (.text)
                  00085aa2    00000007     fast_full_lib_eabi.lib : est_Eab_flib_priv.obj (.text:EST_Eab_setParams)
                  00085aa9    00000007                            : est_Flux_flib_priv.obj (.text:EST_Flux_setWaitTimes)
                  00085ab0    00000007                            : est_Freq_flib_priv.obj (.text:EST_Freq_resetDerFilter)
                  00085ab7    00000007                            : est_Freq_flib_priv.obj (.text:EST_Freq_resetLpFilter)
                  00085abe    00000007                            : est_Ls_flib_priv.obj (.text:EST_Ls_setWaitTimes)
                  00085ac5    00000007                            : est_Rr_flib_priv.obj (.text:EST_Rr_setWaitTimes)
                  00085acc    00000007                            : est_Rs_flib_priv.obj (.text:EST_Rs_setWaitTimes)
                  00085ad3    00000007                            : est_flib_priv.obj (.text:EST_configureTraj)
                  00085ada    00000007                            : est_flib_priv.obj (.text:EST_disableTraj)
                  00085ae1    00000007                            : est_flib_priv.obj (.text:EST_setMotorParams)
                  00085ae8    00000007                            : est_flib_priv.obj (.text:EST_setWaitTimes)
                  00085aef    00000007                            : est_flib_priv.obj (.text:EST_updateTrajState)
                  00085af6    00000007     hal.obj (.text:HAL_clearDataRAM)
                  00085afd    00000007     rts2800_fpu32_eabi.lib : memset.c.obj (.text)
                  00085b04    00000006     angle_gen.obj (.text:ANGLE_GEN_init)
                  00085b0a    00000006     cputimer.obj (.text:CPUTimer_setEmulationMode)
                  00085b10    00000006     fast_full_lib_eabi.lib : est_Traj_flib_priv.obj (.text:EST_Traj_isError)
                  00085b16    00000006                            : est_flib_priv.obj (.text:EST_getFe_rps)
                  00085b1c    00000006                            : est_flib_priv.obj (.text:EST_isTrajError)
                  00085b22    00000006                            : est_flib_priv.obj (.text:EST_setId_ref_A)
                  00085b28    00000006                            : est_flib_priv.obj (.text:EST_setIq_ref_A)
                  00085b2e    00000006     filter_fo.obj (.text:FILTER_FO_setInitialConditions)
                  00085b34    00000006     vs_freq.obj (.text:VS_FREQ_init)
                  00085b3a    00000006     rts2800_fpu32_eabi.lib : copy_zero_init.c.obj (.text:decompress:ZI)
                  00085b40    00000005     fast_full_lib_eabi.lib : est_Edq_flib_priv.obj (.text:EST_Edq_setEdq_V)
                  00085b45    00000005                            : est_Flux_dq_flib_priv.obj (.text:EST_Flux_dq_setFlux_Wb)
                  00085b4a    00000005                            : est_Vab_flib_priv.obj (.text:EST_Vab_setVab_V)
                  00085b4f    00000005                            : est_flib_priv.obj (.text:EST_enable)
                  00085b54    00000005                            : est_flib_priv.obj (.text:EST_getTrajState)
                  00085b59    00000005     filter_fo.obj (.text:FILTER_FO_setNumCoeffs)
                  00085b5e    00000004     clarke.obj (.text:CLARKE_init)
                  00085b62    00000004     fast_full_lib_eabi.lib : est_Angle_flib_priv.obj (.text:EST_Angle_init)
                  00085b66    00000004                            : est_Eab_flib_priv.obj (.text:EST_Eab_init)
                  00085b6a    00000004                            : est_Edq_flib_priv.obj (.text:EST_Edq_init)
                  00085b6e    00000004                            : est_Flux_dq_flib_priv.obj (.text:EST_Flux_dq_init)
                  00085b72    00000004                            : est_Ls_flib_priv.obj (.text:EST_Ls_init)
                  00085b76    00000004                            : est_Rr_flib_priv.obj (.text:EST_Rr_init)
                  00085b7a    00000004                            : est_Rs_flib_priv.obj (.text:EST_Rs_init)
                  00085b7e    00000004                            : est_Vab_flib_priv.obj (.text:EST_Vab_init)
                  00085b82    00000004                            : est_flib_priv.obj (.text:EST_disable)
                  00085b86    00000004                            : est_flib_priv.obj (.text:EST_getFlag_bypassLockRotor)
                  00085b8a    00000004                            : est_flib_priv.obj (.text:EST_getFlag_enable)
                  00085b8e    00000004                            : est_flib_priv.obj (.text:EST_getFlag_enableRsOnLine_inline)
                  00085b92    00000004                            : est_flib_priv.obj (.text:EST_getFlag_enableRsRecalc)
                  00085b96    00000004                            : est_flib_priv.obj (.text:EST_getRoverL_rps_inline)
                  00085b9a    00000004                            : est_flib_priv.obj (.text:EST_isMotorIdentified)
                  00085b9e    00000004                            : est_flib_priv.obj (.text:EST_setFlag_bypassLockRotor)
                  00085ba2    00000004                            : est_flib_priv.obj (.text:EST_setFlag_enable)
                  00085ba6    00000004                            : est_flib_priv.obj (.text:EST_setFlag_enableFluxControl)
                  00085baa    00000004                            : est_flib_priv.obj (.text:EST_setFlag_enableForceAngle)
                  00085bae    00000004                            : est_flib_priv.obj (.text:EST_setFlag_enableRsOnLine_inline)
                  00085bb2    00000004                            : est_flib_priv.obj (.text:EST_setFlag_enableRsRecalc)
                  00085bb6    00000004                            : est_flib_priv.obj (.text:EST_setFlag_updateRs)
                  00085bba    00000004     filter_fo.obj (.text:FILTER_FO_init)
                  00085bbe    00000004     hal.obj (.text:HAL_enableGlobalInts)
                  00085bc2    00000004     fast_full_lib_eabi.lib : inverse_flib_priv.obj (.text:INVERSE_init)
                  00085bc6    00000004     ipark.obj (.text:IPARK_init)
                  00085bca    00000004     park.obj (.text:PARK_init)
                  00085bce    00000004     pi.obj (.text:PI_init)
                  00085bd2    00000004     svgen.obj (.text:SVGEN_init)
                  00085bd6    00000004     traj.obj (.text:TRAJ_init)
                  00085bda    00000003     fast_full_lib_eabi.lib : est_flib_priv.obj (.text:EST_checkForErrors)
                  00085bdd    00000003                            : est_all_setup_flib_priv.obj (.text:EST_getFASTVersion)
                  00085be0    00000003                            : est_flib_priv.obj (.text:EST_resetCounter_isr)
                  00085be3    00000003                            : est_flib_priv.obj (.text:EST_resetCounter_state)
                  00085be6    00000003                            : est_flib_priv.obj (.text:EST_setNumIsrTicksPerEstTick)
                  00085be9    00000003     filter_fo.obj (.text:FILTER_FO_setDenCoeffs)
                  00085bec    00000003     hal.obj (.text:HAL_enableDebugInt)
                  00085bef    00000002     rts2800_fpu32_eabi.lib : pre_init.c.obj (.text)

.cinit     0    0008e000    0000003c     
                  0008e000    00000009     (.cinit..data.load) [load image, compression = lzss]
                  0008e009    00000001     --HOLE-- [fill = 0]
                  0008e00a    00000006     (__TI_handler_table)
                  0008e010    00000004     (.cinit.est_data.load) [load image, compression = zero_init]
                  0008e014    00000004     (.cinit.foc_data.load) [load image, compression = zero_init]
                  0008e018    00000004     (.cinit.hal_data.load) [load image, compression = zero_init]
                  0008e01c    00000004     (.cinit.sys_data.load) [load image, compression = zero_init]
                  0008e020    00000004     (.cinit.user_data.load) [load image, compression = zero_init]
                  0008e024    00000018     (__TI_cinit_table)

.init_array 
*          0    00081000    00000000     UNINITIALIZED

.const     0    00085bf8    0000004c     
                  00085bf8    00000004     fast_full_lib_eabi.lib : est_Iab_flib_priv.obj (.const)
                  00085bfc    00000004                            : est_Idq_flib_priv.obj (.const)
                  00085c00    00000040                            : est_flib_priv.obj (.const)
                  00085c40    00000004                            : est_Vdq_flib_priv.obj (.const)

est_data   0    0000a000    000005a8     UNINITIALIZED
                  0000a000    000005a8     fast_full_lib_eabi.lib : est_flib_priv.obj (est_data)

vibc_data 
*          0    0000c000    00000000     UNINITIALIZED

dmaBuf_data 
*          0    0000c000    00000000     UNINITIALIZED

datalog_data 
*          0    0000c000    00000000     UNINITIALIZED

SFRA_F32_Data 
*          0    0000c000    00000000     UNINITIALIZED

MODULE SUMMARY

       Module                           code    ro data   rw data
       ------                           ----    -------   -------
    .\
       sys_main.obj                     451     0         50     
    +--+--------------------------------+-------+---------+---------+
       Total:                           451     0         50     
                                                                 
    .\libraries\control\pi\
       pi.obj                           4       0         0      
    +--+--------------------------------+-------+---------+---------+
       Total:                           4       0         0      
                                                                 
    .\libraries\control\vs_freq\
       vs_freq.obj                      64      0         0      
    +--+--------------------------------+-------+---------+---------+
       Total:                           64      0         0      
                                                                 
    .\libraries\dacs\dac128s085\
       dac128s085.obj                   224     0         0      
    +--+--------------------------------+-------+---------+---------+
       Total:                           224     0         0      
                                                                 
    .\libraries\filter\filter_fo\
       filter_fo.obj                    18      0         0      
    +--+--------------------------------+-------+---------+---------+
       Total:                           18      0         0      
                                                                 
    .\libraries\transforms\clarke\
       clarke.obj                       4       0         0      
    +--+--------------------------------+-------+---------+---------+
       Total:                           4       0         0      
                                                                 
    .\libraries\transforms\ipark\
       ipark.obj                        4       0         0      
    +--+--------------------------------+-------+---------+---------+
       Total:                           4       0         0      
                                                                 
    .\libraries\transforms\park\
       park.obj                         4       0         0      
    +--+--------------------------------+-------+---------+---------+
       Total:                           4       0         0      
                                                                 
    .\libraries\transforms\svgen\
       svgen.obj                        4       0         0      
    +--+--------------------------------+-------+---------+---------+
       Total:                           4       0         0      
                                                                 
    .\libraries\utilities\angle_gen\
       angle_gen.obj                    19      0         0      
    +--+--------------------------------+-------+---------+---------+
       Total:                           19      0         0      
                                                                 
    .\libraries\utilities\traj\
       traj.obj                         4       0         0      
    +--+--------------------------------+-------+---------+---------+
       Total:                           4       0         0      
                                                                 
    .\src_board\
       hal.obj                          2196    0         38     
       user_mtr1.obj                    603     0         258    
    +--+--------------------------------+-------+---------+---------+
       Total:                           2799    0         296    
                                                                 
    .\src_control\
       motor1_drive.obj                 5153    0         674    
       motor_common.obj                 1601    0         0      
       communication.obj                17      0         0      
    +--+--------------------------------+-------+---------+---------+
       Total:                           6771    0         674    
                                                                 
    .\src_device\
       device.obj                       231     0         0      
       f28002x_codestartbranch.obj      10      0         0      
    +--+--------------------------------+-------+---------+---------+
       Total:                           241     0         0      
                                                                 
    .\src_device\driverlib\
       sysctl.obj                       770     0         0      
       gpio.obj                         204     0         0      
       interrupt.obj                    180     0         0      
       flash.obj                        126     0         0      
       i2c.obj                          124     0         0      
       sci.obj                          71      0         0      
       spi.obj                          68      0         0      
       cmpss.obj                        50      0         0      
       adc.obj                          46      0         0      
       xbar.obj                         43      0         0      
       epwm.obj                         9       0         0      
       cputimer.obj                     6       0         0      
    +--+--------------------------------+-------+---------+---------+
       Total:                           1697    0         0      
                                                                 
    ..\libraries\observers\est_lib\fast_full_lib_eabi.lib
       est_flib_priv.obj                7069    64        1448   
       est_all_identify_flib_priv.obj   1062    0         0      
       est_Traj_flib_priv.obj           775     0         0      
       est_Dir_flib_priv.obj            312     0         0      
       est_all_run_flib_priv.obj        254     0         0      
       est_Freq_flib_priv.obj           198     0         0      
       est_Flux_flib_priv.obj           172     0         0      
       est_RsOnLine_flib_priv.obj       171     0         0      
       est_Iab_flib_priv.obj            164     4         0      
       est_Vdq_flib_priv.obj            156     4         0      
       est_Idq_flib_priv.obj            153     4         0      
       est_Ls_flib_priv.obj             127     0         0      
       est_Flux_ab_flib_priv.obj        122     0         0      
       user_flib_priv.obj               119     0         0      
       est_Rr_flib_priv.obj             90      0         0      
       est_Rs_flib_priv.obj             90      0         0      
       est_OneOverDcBus_flib_priv.obj   56      0         0      
       est_Angle_flib_priv.obj          42      0         0      
       est_all_setup_flib_priv.obj      42      0         0      
       inverse_flib_priv.obj            13      0         0      
       est_Eab_flib_priv.obj            11      0         0      
       est_Edq_flib_priv.obj            9       0         0      
       est_Flux_dq_flib_priv.obj        9       0         0      
       est_Vab_flib_priv.obj            9       0         0      
    +--+--------------------------------+-------+---------+---------+
       Total:                           11225   76        1448   
                                                                 
    D:\ti\ccs1100\ccs\tools\compiler\ti-cgt-c2000_22.6.1.LTS\lib\rts2800_fpu32_eabi.lib
       copy_decompress_lzss.c.obj       48      0         0      
       exit.c.obj                       41      0         6      
       autoinit.c.obj                   43      0         0      
       memcpy.c.obj                     29      0         0      
       boot28.asm.obj                   23      0         0      
       _lock.c.obj                      9       0         4      
       args_main.c.obj                  12      0         0      
       copy_decompress_none.c.obj       8       0         0      
       memset.c.obj                     7       0         0      
       copy_zero_init.c.obj             6       0         0      
       pre_init.c.obj                   2       0         0      
       startup.c.obj                    1       0         0      
    +--+--------------------------------+-------+---------+---------+
       Total:                           229     0         10     
                                                                 
       Stack:                           0       0         256    
       Linker Generated:                0       59        0      
    +--+--------------------------------+-------+---------+---------+
       Grand Total:                     23762   135       2734   


LINKER GENERATED COPY TABLES

__TI_cinit_table @ 0008e024 records: 6, size/record: 4, table size: 24
	.data: load addr=0008e000, load size=00000009 bytes, run addr=00000522, run size=0000000a bytes, compression=lzss
	est_data: load addr=0008e010, load size=00000004 bytes, run addr=0000a000, run size=000005a8 bytes, compression=zero_init
	foc_data: load addr=0008e014, load size=00000004 bytes, run addr=00000280, run size=000002a2 bytes, compression=zero_init
	hal_data: load addr=0008e018, load size=00000004 bytes, run addr=00000680, run size=00000026 bytes, compression=zero_init
	sys_data: load addr=0008e01c, load size=00000004 bytes, run addr=00000642, run size=00000032 bytes, compression=zero_init
	user_data: load addr=0008e020, load size=00000004 bytes, run addr=00000540, run size=00000102 bytes, compression=zero_init


LINKER GENERATED HANDLER TABLE

__TI_handler_table @ 0008e00a records: 3, size/record: 2, table size: 6
	index: 0, handler: __TI_decompress_lzss
	index: 1, handler: __TI_decompress_none
	index: 2, handler: __TI_zero_init


GLOBAL DATA SYMBOLS: SORTED BY DATA PAGE

address     data page           name
--------    ----------------    ----
00000128       4 (00000100)     __stack

00000280       a (00000280)     motorHandle_M1
00000282       a (00000280)     ipark_V_M1
00000286       a (00000280)     park_I_M1
0000028a       a (00000280)     park_V_M1
0000028e       a (00000280)     svgen_M1
00000292       a (00000280)     clarke_V_M1
00000298       a (00000280)     clarke_I_M1
0000029e       a (00000280)     angleGen_M1
000002a6       a (00000280)     traj_spd_M1
000002b0       a (00000280)     pi_Id_M1

000002c0       b (000002c0)     pi_Iq_M1
000002d0       b (000002c0)     pi_spd_M1
000002e0       b (000002c0)     halMtr_M1

00000300       c (00000300)     VsFreq_M1

00000340       d (00000340)     motorSetVars_M1

000003c0       f (000003c0)     motorVars_M1

00000522      14 (00000500)     __TI_enable_exit_profile_output
00000524      14 (00000500)     __TI_cleanup_ptr
00000526      14 (00000500)     __TI_dtors_ptr
00000528      14 (00000500)     _lock
0000052a      14 (00000500)     _unlock

00000540      15 (00000540)     userParams_M1

00000642      19 (00000640)     dac128sHandle
00000644      19 (00000640)     systemVars
00000658      19 (00000640)     dac128s

00000680      1a (00000680)     halHandle
00000682      1a (00000680)     hal

0000a000     280 (0000a000)     est


GLOBAL SYMBOLS: SORTED ALPHABETICALLY BY Name 

page  address   name                             
----  -------   ----                             
0     000857d4  ADC_setOffsetTrimAll             
0     000856bd  ADC_setVREF                      
0     00085b04  ANGLE_GEN_init                   
0     00085968  ANGLE_GEN_setParams              
0     000853a2  C$$EXIT                          
0     00085b5e  CLARKE_init                      
0     000856d6  CMPSS_configFilterHigh           
0     000856ef  CMPSS_configFilterLow            
0     00085b0a  CPUTimer_setEmulationMode        
0     000859bd  DAC128S_init                     
0     00084ac6  DAC128S_setupSPI                 
0     0008505b  DAC128S_writeCommand             
0     000849cb  DAC128S_writeData                
0     00084465  Device_enableAllPeripherals      
0     00084f21  Device_init                      
0     000858cf  Device_initGPIO                  
0     000859e5  EPWM_setEmulationMode            
0     00085b62  EST_Angle_init                   
0     000853f3  EST_Angle_setParams              
0     0008508c  EST_Dir_init                     
0     000858df  EST_Dir_resetHpFilters           
0     000855aa  EST_Dir_resetLpFilters           
0     00084bb2  EST_Dir_setHpFilterParams        
0     00084505  EST_Dir_setLpFilterParams        
0     000859b2  EST_Dir_setParams                
0     00085b66  EST_Eab_init                     
0     00085aa2  EST_Eab_setParams                
0     00085b6a  EST_Edq_init                     
0     00085b40  EST_Edq_setParams                
0     00085750  EST_Flux_ab_init                 
0     000858ef  EST_Flux_ab_resetDerFilters      
0     00084bfc  EST_Flux_ab_setDerFilterParams   
0     000859c7  EST_Flux_ab_setParams            
0     00085b6e  EST_Flux_dq_init                 
0     00085b45  EST_Flux_dq_setParams            
0     0008591f  EST_Flux_init                    
0     000848be  EST_Flux_setParams               
0     00085aa9  EST_Flux_setWaitTimes            
0     00084ead  EST_Flux_updateState             
0     00085766  EST_Freq_init                    
0     00085ab0  EST_Freq_resetDerFilter          
0     00085ab7  EST_Freq_resetLpFilter           
0     00085256  EST_Freq_setDerFilterParams      
0     00085280  EST_Freq_setLpFilterParams       
0     00084b64  EST_Freq_setParams               
0     0008577c  EST_Iab_init                     
0     0008514c  EST_Iab_resetLpFilters           
0     00084c46  EST_Iab_setLpFilterParams        
0     00085792  EST_Iab_setParams                
0     000857a8  EST_Idq_init                     
0     00085419  EST_Idq_resetLpFilters           
0     00084c90  EST_Idq_setLpFilterParams        
0     00085851  EST_Idq_setParams                
0     00085b72  EST_Ls_init                      
0     00084df2  EST_Ls_setParams                 
0     00085abe  EST_Ls_setWaitTimes              
0     00084f8e  EST_Ls_updateState               
0     0008592e  EST_OneOverDcBus_init            
0     000852fe  EST_OneOverDcBus_setParams       
0     00085b76  EST_Rr_init                      
0     000855c6  EST_Rr_setParams                 
0     00085ac5  EST_Rr_setWaitTimes              
0     00084fc3  EST_Rr_updateState               
0     00085327  EST_RsOnLine_init                
0     00084e70  EST_RsOnLine_setLpFilterParams   
0     00084d6c  EST_RsOnLine_setParams           
0     00085b7a  EST_Rs_init                      
0     000855e2  EST_Rs_setParams                 
0     00085acc  EST_Rs_setWaitTimes              
0     00084ff6  EST_Rs_updateState               
0     00083d69  EST_Traj_configure               
0     000855fe  EST_Traj_init                    
0     00085b10  EST_Traj_isError                 
0     00085721  EST_Traj_reset                   
0     0000b800  EST_Traj_run                     
0     000843ba  EST_Traj_setParams               
0     0008491a  EST_Traj_updateState             
0     00085b7e  EST_Vab_init                     
0     00085b4a  EST_Vab_setParams                
0     000857be  EST_Vdq_init                     
0     000852aa  EST_Vdq_resetLpFilters           
0     00084cda  EST_Vdq_setLpFilterParams        
0     00085877  EST_Vdq_setParams                
0     00085bda  EST_checkForErrors               
0     00085533  EST_computeLmag_H                
0     000859ee  EST_computePower_W               
0     000853cb  EST_computeTorque_Nm             
0     00085ad3  EST_configureTraj                
0     0000b4ba  EST_configureTrajState           
0     00085b82  EST_disable                      
0     00085ada  EST_disableTraj                  
0     0000b8b2  EST_doCurrentCtrl                
0     0000b89c  EST_doSpeedCtrl                  
0     00085b4f  EST_enable                       
0     00085a12  EST_enableTraj                   
0     00085bdd  EST_getFASTVersion               
0     00085b16  EST_getFe_rps                    
0     00085b86  EST_getFlag_bypassLockRotor      
0     00085b8a  EST_getFlag_enable               
0     00085b8e  EST_getFlag_enableRsOnLine       
0     00085b92  EST_getFlag_enableRsRecalc       
0     0008594c  EST_getFlux_Wb                   
0     0008595a  EST_getFm_lp_Hz                  
0     0000b8c5  EST_getIdRated_A                 
0     0000b8cd  EST_getIntValue_Id_A             
0     0000b8bc  EST_getIntValue_spd_Hz           
0     00085a1a  EST_getLs_d_H                    
0     00085a22  EST_getLs_q_H                    
0     00085b96  EST_getRoverL_rps                
0     00085a2a  EST_getRr_Ohm                    
0     00085a32  EST_getRsOnLine_Ohm              
0     00085a3a  EST_getRs_Ohm                    
0     0000b8e2  EST_getState                     
0     00085b54  EST_getTrajState                 
0     000842f6  EST_init                         
0     00085889  EST_initEst                      
0     0000b8da  EST_isEnabled                    
0     00085a42  EST_isError                      
0     00085a4a  EST_isIdle                       
0     00085a52  EST_isLockRotor                  
0     00085b9a  EST_isMotorIdentified            
0     00085b1c  EST_isTrajError                  
0     0008391e  EST_reset                        
0     00085be0  EST_resetCounter_isr             
0     00085be3  EST_resetCounter_state           
0     0000b6cd  EST_run                          
0     0000b8d4  EST_runTraj                      
0     000859f7  EST_setAngle_rad                 
0     00085982  EST_setBemf_sf                   
0     00085b9e  EST_setFlag_bypassLockRotor      
0     00085ba2  EST_setFlag_enable               
0     00085ba6  EST_setFlag_enableFluxControl    
0     00085baa  EST_setFlag_enableForceAngle     
0     00085a5a  EST_setFlag_enablePowerWarp      
0     00085bae  EST_setFlag_enableRsOnLine       
0     00085bb2  EST_setFlag_enableRsRecalc       
0     00085bb6  EST_setFlag_updateRs             
0     00085350  EST_setFluxBeta_lp               
0     00085652  EST_setFlux_ab_betaOmega_der     
0     0008561a  EST_setFreqBetaOmega_der         
0     000857e9  EST_setFreqBeta_lp               
0     0008593d  EST_setFreqLFP_sf                
0     000857fe  EST_setIab_beta_lp               
0     00085b22  EST_setId_ref_A                  
0     00085813  EST_setIdq_beta_lp               
0     00085b28  EST_setIq_ref_A                  
0     00085a62  EST_setLs_d_H                    
0     00085a6a  EST_setLs_q_H                    
0     00085ae1  EST_setMotorParams               
0     00085be6  EST_setNumIsrTicksPerEstTick     
0     0008598e  EST_setOneOverFluxGain_sf        
0     000820e8  EST_setParams                    
0     00085a72  EST_setRr_Ohm                    
0     00085a7a  EST_setRsOnLineId_A              
0     00085a82  EST_setRsOnLineId_mag_A          
0     00085a8a  EST_setRsOnLine_Ohm              
0     00085828  EST_setVdq_beta_lp               
0     00085ae8  EST_setWaitTimes                 
0     0000b781  EST_setupTrajState               
0     00083099  EST_updateState                  
0     00085aef  EST_updateTrajState              
0     00085bba  FILTER_FO_init                   
0     00085be9  FILTER_FO_setDenCoeffs           
0     00085b2e  FILTER_FO_setInitialConditions   
0     00085b59  FILTER_FO_setNumCoeffs           
0     0000b85d  Flash_initModule                 
0     000854f3  GPIO_setDirectionMode            
0     00084e31  GPIO_setPadConfig                
0     000850bd  GPIO_setPinConfig                
0     000854af  GPIO_setQualificationMode        
0     0008566d  GPIO_setQualificationPeriod      
0     0008517a  HAL_MTR1_init                    
0     000858ff  HAL_MTR_setGateDriver            
0     00085379  HAL_MTR_setParams                
0     00085af6  HAL_clearDataRAM                 
0     00085975  HAL_enableCtrlInts               
0     00085029  HAL_enableDRV                    
0     00085bec  HAL_enableDebugInt               
0     00085bbe  HAL_enableGlobalInts             
0     000851a8  HAL_init                         
0     0008589b  HAL_setMtrCMPSSDACValue          
0     0008548b  HAL_setParams                    
0     00085513  HAL_setTriggerPrams              
0     00084230  HAL_setupADCs                    
0     00084697  HAL_setupCMPSSs                  
0     00085688  HAL_setupCPUUsageTimer           
0     00082b2d  HAL_setupGPIOs                   
0     0008478a  HAL_setupI2CA                    
0     00083f86  HAL_setupMtrFaults               
0     00083adc  HAL_setupPWMs                    
0     00084a74  HAL_setupSCIA                    
0     000852d4  HAL_setupTimeBaseTimer           
0     000858ad  I2C_clearInterruptStatus         
0     00085864  I2C_enableInterrupt              
0     00084973  I2C_initController               
0     00085bc2  INVERSE_init                     
0     00085a00  INVERSE_setParams                
0     00085bc6  IPARK_init                       
0     0008599a  Interrupt_defaultHandler         
0     00084f58  Interrupt_enable                 
0     000859d1  Interrupt_illegalOperationHandler
0     00084db1  Interrupt_initModule             
0     00085570  Interrupt_initVectorTable        
0     000859db  Interrupt_nmiHandler             
0     00085bca  PARK_init                        
0     00085bce  PI_init                          
abs   000820e4  RamfuncsLoadEnd                  
abs   000010e4  RamfuncsLoadSize                 
abs   00081000  RamfuncsLoadStart                
abs   0000b8e4  RamfuncsRunEnd                   
abs   000010e4  RamfuncsRunSize                  
abs   0000a800  RamfuncsRunStart                 
0     00085636  SCI_clearInterruptStatus         
0     000851d5  SCI_setConfig                    
0     00085551  SPI_clearInterruptStatus         
0     0008543f  SPI_setConfig                    
0     00085bd2  SVGEN_init                       
0     0000b8de  SysCtl_delay                     
0     00084080  SysCtl_isPLLValid                
0     00085465  SysCtl_selectOscSource           
0     00084d24  SysCtl_selectXTAL                
0     000854d1  SysCtl_selectXTALSingleEnded     
0     00083c3b  SysCtl_setClock                  
0     00085bd6  TRAJ_init                        
0     0008331d  USER_setMotor1Params             
0     00084713  USER_setParams_priv              
0     00085b34  VS_FREQ_init                     
0     00084ee7  VS_FREQ_setProfile               
0     00000300  VsFreq_M1                        
0     00085200  XBAR_setEPWMMuxConfig            
0     0008e024  __TI_CINIT_Base                  
0     0008e03c  __TI_CINIT_Limit                 
0     0008e03c  __TI_CINIT_Warm                  
0     0008e00a  __TI_Handler_Table_Base          
0     0008e010  __TI_Handler_Table_Limit         
0     00000228  __TI_STACK_END                   
abs   00000100  __TI_STACK_SIZE                  
0     0008522b  __TI_auto_init_nobinit_nopinit   
0     00000524  __TI_cleanup_ptr                 
0     000850ed  __TI_decompress_lzss             
0     00085a92  __TI_decompress_none             
0     00000526  __TI_dtors_ptr                   
0     00000522  __TI_enable_exit_profile_output  
abs   ffffffff  __TI_pprof_out_hndl              
abs   ffffffff  __TI_prof_data_size              
abs   ffffffff  __TI_prof_data_start             
0     00085b3a  __TI_zero_init                   
n/a   UNDEFED   __c_args__                       
0     00000128  __stack                          
0     000859a6  _args_main                       
0     00085739  _c_int00                         
0     00000528  _lock                            
0     00085a11  _nop                             
0     00085a0d  _register_lock                   
0     00085a09  _register_unlock                 
0     00083f85  _system_post_cinit               
0     00085bef  _system_pre_init                 
0     0000052a  _unlock                          
0     000853a2  abort                            
0     0000029e  angleGen_M1                      
0     0008511d  calcMotorOverCurrentThreshold    
0     0008458b  calculateRMSData                 
0     000858be  canaISR                          
0     00000298  clarke_I_M1                      
0     00000292  clarke_V_M1                      
0     00080000  code_start                       
0     00084a21  collectRMSData                   
0     00000658  dac128s                          
0     00000642  dac128sHandle                    
0     0000a000  est                              
0     000853a4  exit                             
0     00000682  hal                              
0     00000680  halHandle                        
0     000002e0  halMtr_M1                        
0     00082837  initMotor1CtrlParameters         
0     000856a3  initMotor1Handles                
0     00000282  ipark_V_M1                       
0     0000c000  loadEnd_SFRA_F32_Data            
0     0000a800  loadEnd_ctrlfuncs                
0     0000c000  loadEnd_datalog_data             
0     0000c000  loadEnd_dmaBuf_data              
0     0000a5a8  loadEnd_est_data                 
0     00000522  loadEnd_foc_data                 
0     000006a6  loadEnd_hal_data                 
0     00000674  loadEnd_sys_data                 
0     00000642  loadEnd_user_data                
0     0000c000  loadEnd_vibc_data                
abs   00000000  loadSize_SFRA_F32_Data           
abs   00000000  loadSize_ctrlfuncs               
abs   00000000  loadSize_datalog_data            
abs   00000000  loadSize_dmaBuf_data             
abs   000005a8  loadSize_est_data                
abs   000002a2  loadSize_foc_data                
abs   00000026  loadSize_hal_data                
abs   00000032  loadSize_sys_data                
abs   00000102  loadSize_user_data               
abs   00000000  loadSize_vibc_data               
0     0000c000  loadStart_SFRA_F32_Data          
0     0000a800  loadStart_ctrlfuncs              
0     0000c000  loadStart_datalog_data           
0     0000c000  loadStart_dmaBuf_data            
0     0000a000  loadStart_est_data               
0     00000280  loadStart_foc_data               
0     00000680  loadStart_hal_data               
0     00000642  loadStart_sys_data               
0     00000540  loadStart_user_data              
0     0000c000  loadStart_vibc_data              
0     0008375b  main                             
0     0008558d  memcpy                           
0     00085afd  memset                           
0     0000af2e  motor1CtrlISR                    
0     00000280  motorHandle_M1                   
0     00000340  motorSetVars_M1                  
0     000003c0  motorVars_M1                     
0     00000286  park_I_M1                        
0     0000028a  park_V_M1                        
0     000002b0  pi_Id_M1                         
0     000002c0  pi_Iq_M1                         
0     000002d0  pi_spd_M1                        
0     00084611  resetMotorControl                
0     00084b15  restartMotorControl              
0     0000a800  runEnd_ctrlfuncs                 
0     00082de7  runMotor1Control                 
0     000824f0  runMotor1OffsetsCalculation      
0     00083578  runMotorMonitor                  
0     0008485d  runRsOnLine                      
abs   00000000  runSize_ctrlfuncs                
0     0000a800  runStart_ctrlfuncs               
0     00085708  setupClarke_I                    
0     0008583d  setupClarke_V                    
0     00083e78  setupControllers                 
0     0008590f  stopMotorControl                 
0     0000028e  svgen_M1                         
0     00000644  systemVars                       
0     000002a6  traj_spd_M1                      
0     0008415a  updateGlobalVariables            
0     00000540  userParams_M1                    


GLOBAL SYMBOLS: SORTED BY Symbol Address 

page  address   name                             
----  -------   ----                             
0     00000128  __stack                          
0     00000228  __TI_STACK_END                   
0     00000280  loadStart_foc_data               
0     00000280  motorHandle_M1                   
0     00000282  ipark_V_M1                       
0     00000286  park_I_M1                        
0     0000028a  park_V_M1                        
0     0000028e  svgen_M1                         
0     00000292  clarke_V_M1                      
0     00000298  clarke_I_M1                      
0     0000029e  angleGen_M1                      
0     000002a6  traj_spd_M1                      
0     000002b0  pi_Id_M1                         
0     000002c0  pi_Iq_M1                         
0     000002d0  pi_spd_M1                        
0     000002e0  halMtr_M1                        
0     00000300  VsFreq_M1                        
0     00000340  motorSetVars_M1                  
0     000003c0  motorVars_M1                     
0     00000522  __TI_enable_exit_profile_output  
0     00000522  loadEnd_foc_data                 
0     00000524  __TI_cleanup_ptr                 
0     00000526  __TI_dtors_ptr                   
0     00000528  _lock                            
0     0000052a  _unlock                          
0     00000540  loadStart_user_data              
0     00000540  userParams_M1                    
0     00000642  dac128sHandle                    
0     00000642  loadEnd_user_data                
0     00000642  loadStart_sys_data               
0     00000644  systemVars                       
0     00000658  dac128s                          
0     00000674  loadEnd_sys_data                 
0     00000680  halHandle                        
0     00000680  loadStart_hal_data               
0     00000682  hal                              
0     000006a6  loadEnd_hal_data                 
0     0000a000  est                              
0     0000a000  loadStart_est_data               
0     0000a5a8  loadEnd_est_data                 
0     0000a800  loadEnd_ctrlfuncs                
0     0000a800  loadStart_ctrlfuncs              
0     0000a800  runEnd_ctrlfuncs                 
0     0000a800  runStart_ctrlfuncs               
0     0000af2e  motor1CtrlISR                    
0     0000b4ba  EST_configureTrajState           
0     0000b6cd  EST_run                          
0     0000b781  EST_setupTrajState               
0     0000b800  EST_Traj_run                     
0     0000b85d  Flash_initModule                 
0     0000b89c  EST_doSpeedCtrl                  
0     0000b8b2  EST_doCurrentCtrl                
0     0000b8bc  EST_getIntValue_spd_Hz           
0     0000b8c5  EST_getIdRated_A                 
0     0000b8cd  EST_getIntValue_Id_A             
0     0000b8d4  EST_runTraj                      
0     0000b8da  EST_isEnabled                    
0     0000b8de  SysCtl_delay                     
0     0000b8e2  EST_getState                     
0     0000c000  loadEnd_SFRA_F32_Data            
0     0000c000  loadEnd_datalog_data             
0     0000c000  loadEnd_dmaBuf_data              
0     0000c000  loadEnd_vibc_data                
0     0000c000  loadStart_SFRA_F32_Data          
0     0000c000  loadStart_datalog_data           
0     0000c000  loadStart_dmaBuf_data            
0     0000c000  loadStart_vibc_data              
0     00080000  code_start                       
0     000820e8  EST_setParams                    
0     000824f0  runMotor1OffsetsCalculation      
0     00082837  initMotor1CtrlParameters         
0     00082b2d  HAL_setupGPIOs                   
0     00082de7  runMotor1Control                 
0     00083099  EST_updateState                  
0     0008331d  USER_setMotor1Params             
0     00083578  runMotorMonitor                  
0     0008375b  main                             
0     0008391e  EST_reset                        
0     00083adc  HAL_setupPWMs                    
0     00083c3b  SysCtl_setClock                  
0     00083d69  EST_Traj_configure               
0     00083e78  setupControllers                 
0     00083f85  _system_post_cinit               
0     00083f86  HAL_setupMtrFaults               
0     00084080  SysCtl_isPLLValid                
0     0008415a  updateGlobalVariables            
0     00084230  HAL_setupADCs                    
0     000842f6  EST_init                         
0     000843ba  EST_Traj_setParams               
0     00084465  Device_enableAllPeripherals      
0     00084505  EST_Dir_setLpFilterParams        
0     0008458b  calculateRMSData                 
0     00084611  resetMotorControl                
0     00084697  HAL_setupCMPSSs                  
0     00084713  USER_setParams_priv              
0     0008478a  HAL_setupI2CA                    
0     0008485d  runRsOnLine                      
0     000848be  EST_Flux_setParams               
0     0008491a  EST_Traj_updateState             
0     00084973  I2C_initController               
0     000849cb  DAC128S_writeData                
0     00084a21  collectRMSData                   
0     00084a74  HAL_setupSCIA                    
0     00084ac6  DAC128S_setupSPI                 
0     00084b15  restartMotorControl              
0     00084b64  EST_Freq_setParams               
0     00084bb2  EST_Dir_setHpFilterParams        
0     00084bfc  EST_Flux_ab_setDerFilterParams   
0     00084c46  EST_Iab_setLpFilterParams        
0     00084c90  EST_Idq_setLpFilterParams        
0     00084cda  EST_Vdq_setLpFilterParams        
0     00084d24  SysCtl_selectXTAL                
0     00084d6c  EST_RsOnLine_setParams           
0     00084db1  Interrupt_initModule             
0     00084df2  EST_Ls_setParams                 
0     00084e31  GPIO_setPadConfig                
0     00084e70  EST_RsOnLine_setLpFilterParams   
0     00084ead  EST_Flux_updateState             
0     00084ee7  VS_FREQ_setProfile               
0     00084f21  Device_init                      
0     00084f58  Interrupt_enable                 
0     00084f8e  EST_Ls_updateState               
0     00084fc3  EST_Rr_updateState               
0     00084ff6  EST_Rs_updateState               
0     00085029  HAL_enableDRV                    
0     0008505b  DAC128S_writeCommand             
0     0008508c  EST_Dir_init                     
0     000850bd  GPIO_setPinConfig                
0     000850ed  __TI_decompress_lzss             
0     0008511d  calcMotorOverCurrentThreshold    
0     0008514c  EST_Iab_resetLpFilters           
0     0008517a  HAL_MTR1_init                    
0     000851a8  HAL_init                         
0     000851d5  SCI_setConfig                    
0     00085200  XBAR_setEPWMMuxConfig            
0     0008522b  __TI_auto_init_nobinit_nopinit   
0     00085256  EST_Freq_setDerFilterParams      
0     00085280  EST_Freq_setLpFilterParams       
0     000852aa  EST_Vdq_resetLpFilters           
0     000852d4  HAL_setupTimeBaseTimer           
0     000852fe  EST_OneOverDcBus_setParams       
0     00085327  EST_RsOnLine_init                
0     00085350  EST_setFluxBeta_lp               
0     00085379  HAL_MTR_setParams                
0     000853a2  C$$EXIT                          
0     000853a2  abort                            
0     000853a4  exit                             
0     000853cb  EST_computeTorque_Nm             
0     000853f3  EST_Angle_setParams              
0     00085419  EST_Idq_resetLpFilters           
0     0008543f  SPI_setConfig                    
0     00085465  SysCtl_selectOscSource           
0     0008548b  HAL_setParams                    
0     000854af  GPIO_setQualificationMode        
0     000854d1  SysCtl_selectXTALSingleEnded     
0     000854f3  GPIO_setDirectionMode            
0     00085513  HAL_setTriggerPrams              
0     00085533  EST_computeLmag_H                
0     00085551  SPI_clearInterruptStatus         
0     00085570  Interrupt_initVectorTable        
0     0008558d  memcpy                           
0     000855aa  EST_Dir_resetLpFilters           
0     000855c6  EST_Rr_setParams                 
0     000855e2  EST_Rs_setParams                 
0     000855fe  EST_Traj_init                    
0     0008561a  EST_setFreqBetaOmega_der         
0     00085636  SCI_clearInterruptStatus         
0     00085652  EST_setFlux_ab_betaOmega_der     
0     0008566d  GPIO_setQualificationPeriod      
0     00085688  HAL_setupCPUUsageTimer           
0     000856a3  initMotor1Handles                
0     000856bd  ADC_setVREF                      
0     000856d6  CMPSS_configFilterHigh           
0     000856ef  CMPSS_configFilterLow            
0     00085708  setupClarke_I                    
0     00085721  EST_Traj_reset                   
0     00085739  _c_int00                         
0     00085750  EST_Flux_ab_init                 
0     00085766  EST_Freq_init                    
0     0008577c  EST_Iab_init                     
0     00085792  EST_Iab_setParams                
0     000857a8  EST_Idq_init                     
0     000857be  EST_Vdq_init                     
0     000857d4  ADC_setOffsetTrimAll             
0     000857e9  EST_setFreqBeta_lp               
0     000857fe  EST_setIab_beta_lp               
0     00085813  EST_setIdq_beta_lp               
0     00085828  EST_setVdq_beta_lp               
0     0008583d  setupClarke_V                    
0     00085851  EST_Idq_setParams                
0     00085864  I2C_enableInterrupt              
0     00085877  EST_Vdq_setParams                
0     00085889  EST_initEst                      
0     0008589b  HAL_setMtrCMPSSDACValue          
0     000858ad  I2C_clearInterruptStatus         
0     000858be  canaISR                          
0     000858cf  Device_initGPIO                  
0     000858df  EST_Dir_resetHpFilters           
0     000858ef  EST_Flux_ab_resetDerFilters      
0     000858ff  HAL_MTR_setGateDriver            
0     0008590f  stopMotorControl                 
0     0008591f  EST_Flux_init                    
0     0008592e  EST_OneOverDcBus_init            
0     0008593d  EST_setFreqLFP_sf                
0     0008594c  EST_getFlux_Wb                   
0     0008595a  EST_getFm_lp_Hz                  
0     00085968  ANGLE_GEN_setParams              
0     00085975  HAL_enableCtrlInts               
0     00085982  EST_setBemf_sf                   
0     0008598e  EST_setOneOverFluxGain_sf        
0     0008599a  Interrupt_defaultHandler         
0     000859a6  _args_main                       
0     000859b2  EST_Dir_setParams                
0     000859bd  DAC128S_init                     
0     000859c7  EST_Flux_ab_setParams            
0     000859d1  Interrupt_illegalOperationHandler
0     000859db  Interrupt_nmiHandler             
0     000859e5  EPWM_setEmulationMode            
0     000859ee  EST_computePower_W               
0     000859f7  EST_setAngle_rad                 
0     00085a00  INVERSE_setParams                
0     00085a09  _register_unlock                 
0     00085a0d  _register_lock                   
0     00085a11  _nop                             
0     00085a12  EST_enableTraj                   
0     00085a1a  EST_getLs_d_H                    
0     00085a22  EST_getLs_q_H                    
0     00085a2a  EST_getRr_Ohm                    
0     00085a32  EST_getRsOnLine_Ohm              
0     00085a3a  EST_getRs_Ohm                    
0     00085a42  EST_isError                      
0     00085a4a  EST_isIdle                       
0     00085a52  EST_isLockRotor                  
0     00085a5a  EST_setFlag_enablePowerWarp      
0     00085a62  EST_setLs_d_H                    
0     00085a6a  EST_setLs_q_H                    
0     00085a72  EST_setRr_Ohm                    
0     00085a7a  EST_setRsOnLineId_A              
0     00085a82  EST_setRsOnLineId_mag_A          
0     00085a8a  EST_setRsOnLine_Ohm              
0     00085a92  __TI_decompress_none             
0     00085aa2  EST_Eab_setParams                
0     00085aa9  EST_Flux_setWaitTimes            
0     00085ab0  EST_Freq_resetDerFilter          
0     00085ab7  EST_Freq_resetLpFilter           
0     00085abe  EST_Ls_setWaitTimes              
0     00085ac5  EST_Rr_setWaitTimes              
0     00085acc  EST_Rs_setWaitTimes              
0     00085ad3  EST_configureTraj                
0     00085ada  EST_disableTraj                  
0     00085ae1  EST_setMotorParams               
0     00085ae8  EST_setWaitTimes                 
0     00085aef  EST_updateTrajState              
0     00085af6  HAL_clearDataRAM                 
0     00085afd  memset                           
0     00085b04  ANGLE_GEN_init                   
0     00085b0a  CPUTimer_setEmulationMode        
0     00085b10  EST_Traj_isError                 
0     00085b16  EST_getFe_rps                    
0     00085b1c  EST_isTrajError                  
0     00085b22  EST_setId_ref_A                  
0     00085b28  EST_setIq_ref_A                  
0     00085b2e  FILTER_FO_setInitialConditions   
0     00085b34  VS_FREQ_init                     
0     00085b3a  __TI_zero_init                   
0     00085b40  EST_Edq_setParams                
0     00085b45  EST_Flux_dq_setParams            
0     00085b4a  EST_Vab_setParams                
0     00085b4f  EST_enable                       
0     00085b54  EST_getTrajState                 
0     00085b59  FILTER_FO_setNumCoeffs           
0     00085b5e  CLARKE_init                      
0     00085b62  EST_Angle_init                   
0     00085b66  EST_Eab_init                     
0     00085b6a  EST_Edq_init                     
0     00085b6e  EST_Flux_dq_init                 
0     00085b72  EST_Ls_init                      
0     00085b76  EST_Rr_init                      
0     00085b7a  EST_Rs_init                      
0     00085b7e  EST_Vab_init                     
0     00085b82  EST_disable                      
0     00085b86  EST_getFlag_bypassLockRotor      
0     00085b8a  EST_getFlag_enable               
0     00085b8e  EST_getFlag_enableRsOnLine       
0     00085b92  EST_getFlag_enableRsRecalc       
0     00085b96  EST_getRoverL_rps                
0     00085b9a  EST_isMotorIdentified            
0     00085b9e  EST_setFlag_bypassLockRotor      
0     00085ba2  EST_setFlag_enable               
0     00085ba6  EST_setFlag_enableFluxControl    
0     00085baa  EST_setFlag_enableForceAngle     
0     00085bae  EST_setFlag_enableRsOnLine       
0     00085bb2  EST_setFlag_enableRsRecalc       
0     00085bb6  EST_setFlag_updateRs             
0     00085bba  FILTER_FO_init                   
0     00085bbe  HAL_enableGlobalInts             
0     00085bc2  INVERSE_init                     
0     00085bc6  IPARK_init                       
0     00085bca  PARK_init                        
0     00085bce  PI_init                          
0     00085bd2  SVGEN_init                       
0     00085bd6  TRAJ_init                        
0     00085bda  EST_checkForErrors               
0     00085bdd  EST_getFASTVersion               
0     00085be0  EST_resetCounter_isr             
0     00085be3  EST_resetCounter_state           
0     00085be6  EST_setNumIsrTicksPerEstTick     
0     00085be9  FILTER_FO_setDenCoeffs           
0     00085bec  HAL_enableDebugInt               
0     00085bef  _system_pre_init                 
0     0008e00a  __TI_Handler_Table_Base          
0     0008e010  __TI_Handler_Table_Limit         
0     0008e024  __TI_CINIT_Base                  
0     0008e03c  __TI_CINIT_Limit                 
0     0008e03c  __TI_CINIT_Warm                  
abs   00000000  loadSize_SFRA_F32_Data           
abs   00000000  loadSize_ctrlfuncs               
abs   00000000  loadSize_datalog_data            
abs   00000000  loadSize_dmaBuf_data             
abs   00000000  loadSize_vibc_data               
abs   00000000  runSize_ctrlfuncs                
abs   00000026  loadSize_hal_data                
abs   00000032  loadSize_sys_data                
abs   00000100  __TI_STACK_SIZE                  
abs   00000102  loadSize_user_data               
abs   000002a2  loadSize_foc_data                
abs   000005a8  loadSize_est_data                
abs   000010e4  RamfuncsLoadSize                 
abs   000010e4  RamfuncsRunSize                  
abs   0000a800  RamfuncsRunStart                 
abs   0000b8e4  RamfuncsRunEnd                   
abs   00081000  RamfuncsLoadStart                
abs   000820e4  RamfuncsLoadEnd                  
abs   ffffffff  __TI_pprof_out_hndl              
abs   ffffffff  __TI_prof_data_size              
abs   ffffffff  __TI_prof_data_start             
n/a   UNDEFED   __c_args__                       

[337 symbols]
